Component: ARM Compiler 5.06 update 6 (build 750) Tool: armlink [4d35ed]

==============================================================================

Section Cross References

    main.o(i.main) refers to init.o(i.bsp_init) for bsp_init
    delay.o(i.delay_init) refers to misc.o(i.SysTick_CLKSourceConfig) for SysTick_CLKSourceConfig
    delay.o(i.delay_init) refers to delay.o(.data) for fac_us
    delay.o(i.delay_ms) refers to delay.o(i.delay_xms) for delay_xms
    delay.o(i.delay_us) refers to delay.o(.data) for fac_us
    delay.o(i.delay_xms) refers to delay.o(.data) for fac_ms
    startup_stm32f427xx.o(STACK) refers (Special) to heapauxi.o(.text) for __use_two_region_memory
    startup_stm32f427xx.o(HEAP) refers (Special) to heapauxi.o(.text) for __use_two_region_memory
    startup_stm32f427xx.o(RESET) refers (Special) to heapauxi.o(.text) for __use_two_region_memory
    startup_stm32f427xx.o(RESET) refers to startup_stm32f427xx.o(STACK) for __initial_sp
    startup_stm32f427xx.o(RESET) refers to startup_stm32f427xx.o(.text) for Reset_Handler
    startup_stm32f427xx.o(RESET) refers to stm32f4xx_it.o(i.NMI_Handler) for NMI_Handler
    startup_stm32f427xx.o(RESET) refers to stm32f4xx_it.o(i.HardFault_Handler) for HardFault_Handler
    startup_stm32f427xx.o(RESET) refers to stm32f4xx_it.o(i.MemManage_Handler) for MemManage_Handler
    startup_stm32f427xx.o(RESET) refers to stm32f4xx_it.o(i.BusFault_Handler) for BusFault_Handler
    startup_stm32f427xx.o(RESET) refers to stm32f4xx_it.o(i.UsageFault_Handler) for UsageFault_Handler
    startup_stm32f427xx.o(RESET) refers to stm32f4xx_it.o(i.DebugMon_Handler) for DebugMon_Handler
    startup_stm32f427xx.o(RESET) refers to can.o(i.CAN1_TX_IRQHandler) for CAN1_TX_IRQHandler
    startup_stm32f427xx.o(RESET) refers to can.o(i.CAN1_RX0_IRQHandler) for CAN1_RX0_IRQHandler
    startup_stm32f427xx.o(RESET) refers to remote_app.o(i.USART1_IRQHandler) for USART1_IRQHandler
    startup_stm32f427xx.o(RESET) refers to timer.o(i.TIM6_DAC_IRQHandler) for TIM6_DAC_IRQHandler
    startup_stm32f427xx.o(RESET) refers to can.o(i.CAN2_TX_IRQHandler) for CAN2_TX_IRQHandler
    startup_stm32f427xx.o(RESET) refers to can.o(i.CAN2_RX0_IRQHandler) for CAN2_RX0_IRQHandler
    startup_stm32f427xx.o(.text) refers (Special) to heapauxi.o(.text) for __use_two_region_memory
    startup_stm32f427xx.o(.text) refers to system_stm32f4xx.o(i.SystemInit) for SystemInit
    startup_stm32f427xx.o(.text) refers to __main.o(!!!main) for __main
    startup_stm32f427xx.o(.text) refers to startup_stm32f427xx.o(HEAP) for Heap_Mem
    startup_stm32f427xx.o(.text) refers to startup_stm32f427xx.o(STACK) for Stack_Mem
    system_stm32f4xx.o(i.SystemCoreClockUpdate) refers to system_stm32f4xx.o(.data) for SystemCoreClock
    system_stm32f4xx.o(i.SystemInit) refers to system_stm32f4xx.o(i.SetSysClock) for SetSysClock
    stm32f4xx_can.o(i.CAN_DeInit) refers to stm32f4xx_rcc.o(i.RCC_APB1PeriphResetCmd) for RCC_APB1PeriphResetCmd
    stm32f4xx_can.o(i.CAN_GetITStatus) refers to stm32f4xx_can.o(i.CheckITStatus) for CheckITStatus
    stm32f4xx_dma2d.o(i.DMA2D_DeInit) refers to stm32f4xx_rcc.o(i.RCC_AHB1PeriphResetCmd) for RCC_AHB1PeriphResetCmd
    stm32f4xx_gpio.o(i.GPIO_DeInit) refers to stm32f4xx_rcc.o(i.RCC_AHB1PeriphResetCmd) for RCC_AHB1PeriphResetCmd
    stm32f4xx_rcc.o(i.RCC_GetClocksFreq) refers to stm32f4xx_rcc.o(.data) for APBAHBPrescTable
    stm32f4xx_rcc.o(i.RCC_WaitForHSEStartUp) refers to stm32f4xx_rcc.o(i.RCC_GetFlagStatus) for RCC_GetFlagStatus
    stm32f4xx_spi.o(i.SPI_I2S_DeInit) refers to stm32f4xx_rcc.o(i.RCC_APB2PeriphResetCmd) for RCC_APB2PeriphResetCmd
    stm32f4xx_spi.o(i.SPI_I2S_DeInit) refers to stm32f4xx_rcc.o(i.RCC_APB1PeriphResetCmd) for RCC_APB1PeriphResetCmd
    stm32f4xx_syscfg.o(i.SYSCFG_DeInit) refers to stm32f4xx_rcc.o(i.RCC_APB2PeriphResetCmd) for RCC_APB2PeriphResetCmd
    stm32f4xx_tim.o(i.TIM_DeInit) refers to stm32f4xx_rcc.o(i.RCC_APB2PeriphResetCmd) for RCC_APB2PeriphResetCmd
    stm32f4xx_tim.o(i.TIM_DeInit) refers to stm32f4xx_rcc.o(i.RCC_APB1PeriphResetCmd) for RCC_APB1PeriphResetCmd
    stm32f4xx_tim.o(i.TIM_ETRClockMode1Config) refers to stm32f4xx_tim.o(i.TIM_ETRConfig) for TIM_ETRConfig
    stm32f4xx_tim.o(i.TIM_ETRClockMode2Config) refers to stm32f4xx_tim.o(i.TIM_ETRConfig) for TIM_ETRConfig
    stm32f4xx_tim.o(i.TIM_ICInit) refers to stm32f4xx_tim.o(i.TI1_Config) for TI1_Config
    stm32f4xx_tim.o(i.TIM_ICInit) refers to stm32f4xx_tim.o(i.TIM_SetIC1Prescaler) for TIM_SetIC1Prescaler
    stm32f4xx_tim.o(i.TIM_ICInit) refers to stm32f4xx_tim.o(i.TI2_Config) for TI2_Config
    stm32f4xx_tim.o(i.TIM_ICInit) refers to stm32f4xx_tim.o(i.TIM_SetIC2Prescaler) for TIM_SetIC2Prescaler
    stm32f4xx_tim.o(i.TIM_ICInit) refers to stm32f4xx_tim.o(i.TI3_Config) for TI3_Config
    stm32f4xx_tim.o(i.TIM_ICInit) refers to stm32f4xx_tim.o(i.TIM_SetIC3Prescaler) for TIM_SetIC3Prescaler
    stm32f4xx_tim.o(i.TIM_ICInit) refers to stm32f4xx_tim.o(i.TI4_Config) for TI4_Config
[...]
    ../fplib/fpinit.s                        0x00000000   Number         0  fpinit.o ABSOLUTE
    ../fplib/fretinf.s                       0x00000000   Number         0  fretinf.o ABSOLUTE
    ../fplib/usenofp.s                       0x00000000   Number         0  usenofp.o ABSOLUTE
    ..\APP\can_task.c                        0x00000000   Number         0  can_task.o ABSOLUTE
    ..\APP\init.c                            0x00000000   Number         0  init.o ABSOLUTE
    ..\APP\remote_app.c                      0x00000000   Number         0  remote_app.o ABSOLUTE
    ..\CMSIS\startup_stm32f427xx.s           0x00000000   Number         0  startup_stm32f427xx.o ABSOLUTE
    ..\CMSIS\stm32f4xx_it.c                  0x00000000   Number         0  stm32f4xx_it.o ABSOLUTE
    ..\CMSIS\system_stm32f4xx.c              0x00000000   Number         0  system_stm32f4xx.o ABSOLUTE
    ..\CONTROL\chassis.c                     0x00000000   Number         0  chassis.o ABSOLUTE
    ..\CONTROL\friction_control.c            0x00000000   Number         0  friction_control.o ABSOLUTE
    ..\CONTROL\gimbal_control.c              0x00000000   Number         0  gimbal_control.o ABSOLUTE
    ..\CONTROL\motor_control.c               0x00000000   Number         0  motor_control.o ABSOLUTE
    ..\CONTROL\pid.c                         0x00000000   Number         0  pid.o ABSOLUTE
    ..\CONTROL\rammer_control.c              0x00000000   Number         0  rammer_control.o ABSOLUTE
    ..\CONTROL\ramp.c                        0x00000000   Number         0  ramp.o ABSOLUTE
    ..\FWLIB\src\misc.c                      0x00000000   Number         0  misc.o ABSOLUTE
    ..\FWLIB\src\stm32f4xx_can.c             0x00000000   Number         0  stm32f4xx_can.o ABSOLUTE
    ..\FWLIB\src\stm32f4xx_dma.c             0x00000000   Number         0  stm32f4xx_dma.o ABSOLUTE
    ..\FWLIB\src\stm32f4xx_dma2d.c           0x00000000   Number         0  stm32f4xx_dma2d.o ABSOLUTE
    ..\FWLIB\src\stm32f4xx_exti.c            0x00000000   Number         0  stm32f4xx_exti.o ABSOLUTE
    ..\FWLIB\src\stm32f4xx_gpio.c            0x00000000   Number         0  stm32f4xx_gpio.o ABSOLUTE
    ..\FWLIB\src\stm32f4xx_iwdg.c            0x00000000   Number         0  stm32f4xx_iwdg.o ABSOLUTE
    ..\FWLIB\src\stm32f4xx_rcc.c             0x00000000   Number         0  stm32f4xx_rcc.o ABSOLUTE
    ..\FWLIB\src\stm32f4xx_spi.c             0x00000000   Number         0  stm32f4xx_spi.o ABSOLUTE
    ..\FWLIB\src\stm32f4xx_syscfg.c          0x00000000   Number         0  stm32f4xx_syscfg.o ABSOLUTE
    ..\FWLIB\src\stm32f4xx_tim.c             0x00000000   Number         0  stm32f4xx_tim.o ABSOLUTE
    ..\FWLIB\src\stm32f4xx_usart.c           0x00000000   Number         0  stm32f4xx_usart.o ABSOLUTE
    ..\HARDWARE\buzzer.c                     0x00000000   Number         0  buzzer.o ABSOLUTE
    ..\HARDWARE\can.c                        0x00000000   Number         0  can.o ABSOLUTE
    ..\HARDWARE\led.c                        0x00000000   Number         0  led.o ABSOLUTE
    ..\HARDWARE\power_ctrl.c                 0x00000000   Number         0  power_ctrl.o ABSOLUTE
    ..\HARDWARE\remote_hardware.c            0x00000000   Number         0  remote_hardware.o ABSOLUTE
    ..\HARDWARE\timer.c                      0x00000000   Number         0  timer.o ABSOLUTE
    ..\TRANSPORT\can_data.c                  0x00000000   Number         0  can_data.o ABSOLUTE
    ..\USER\SYSTEM\delay.c                   0x00000000   Number         0  delay.o ABSOLUTE
    ..\USER\SYSTEM\sys.c                     0x00000000   Number         0  sys.o ABSOLUTE
    ..\USER\main.c                           0x00000000   Number         0  main.o ABSOLUTE
    ..\\APP\\can_task.c                      0x00000000   Number         0  can_task.o ABSOLUTE
    ..\\APP\\init.c                          0x00000000   Number         0  init.o ABSOLUTE
    ..\\APP\\remote_app.c                    0x00000000   Number         0  remote_app.o ABSOLUTE
    ..\\CMSIS\\stm32f4xx_it.c                0x00000000   Number         0  stm32f4xx_it.o ABSOLUTE
    ..\\CMSIS\\system_stm32f4xx.c            0x00000000   Number         0  system_stm32f4xx.o ABSOLUTE
    ..\\CONTROL\\chassis.c                   0x00000000   Number         0  chassis.o ABSOLUTE
    ..\\CONTROL\\friction_control.c          0x00000000   Number         0  friction_control.o ABSOLUTE
    ..\\CONTROL\\gimbal_control.c            0x00000000   Number         0  gimbal_control.o ABSOLUTE
    ..\\CONTROL\\motor_control.c             0x00000000   Number         0  motor_control.o ABSOLUTE
    ..\\CONTROL\\pid.c                       0x00000000   Number         0  pid.o ABSOLUTE
    ..\\CONTROL\\rammer_control.c            0x00000000   Number         0  rammer_control.o ABSOLUTE
    ..\\CONTROL\\ramp.c                      0x00000000   Number         0  ramp.o ABSOLUTE
    ..\\FWLIB\\src\\misc.c                   0x00000000   Number         0  misc.o ABSOLUTE
    ..\\FWLIB\\src\\stm32f4xx_can.c          0x00000000   Number         0  stm32f4xx_can.o ABSOLUTE
    ..\\FWLIB\\src\\stm32f4xx_dma.c          0x00000000   Number         0  stm32f4xx_dma.o ABSOLUTE
    ..\\FWLIB\\src\\stm32f4xx_dma2d.c        0x00000000   Number         0  stm32f4xx_dma2d.o ABSOLUTE
    ..\\FWLIB\\src\\stm32f4xx_exti.c         0x00000000   Number         0  stm32f4xx_exti.o ABSOLUTE
    ..\\FWLIB\\src\\stm32f4xx_gpio.c         0x00000000   Number         0  stm32f4xx_gpio.o ABSOLUTE
    ..\\FWLIB\\src\\stm32f4xx_iwdg.c         0x00000000   Number         0  stm32f4xx_iwdg.o ABSOLUTE
    ..\\FWLIB\\src\\stm32f4xx_rcc.c          0x00000000   Number         0  stm32f4xx_rcc.o ABSOLUTE
    ..\\FWLIB\\src\\stm32f4xx_spi.c          0x00000000   Number         0  stm32f4xx_spi.o ABSOLUTE
    ..\\FWLIB\\src\\stm32f4xx_syscfg.c       0x00000000   Number         0  stm32f4xx_syscfg.o ABSOLUTE
    ..\\FWLIB\\src\\stm32f4xx_tim.c          0x00000000   Number         0  stm32f4xx_tim.o ABSOLUTE
    ..\\FWLIB\\src\\stm32f4xx_usart.c        0x00000000   Number         0  stm32f4xx_usart.o ABSOLUTE
    ..\\HARDWARE\\buzzer.c                   0x00000000   Number         0  buzzer.o ABSOLUTE
    ..\\HARDWARE\\can.c                      0x00000000   Number         0  can.o ABSOLUTE
    ..\\HARDWARE\\led.c                      0x00000000   Number         0  led.o ABSOLUTE
    ..\\HARDWARE\\power_ctrl.c               0x00000000   Number         0  power_ctrl.o ABSOLUTE
    ..\\HARDWARE\\remote_hardware.c          0x00000000   Number         0  remote_hardware.o ABSOLUTE
    ..\\HARDWARE\\timer.c                    0x00000000   Number         0  timer.o ABSOLUTE
    ..\\TRANSPORT\\can_data.c                0x00000000   Number         0  can_data.o ABSOLUTE
    ..\\USER\\SYSTEM\\delay.c                0x00000000   Number         0  delay.o ABSOLUTE
    ..\\USER\\SYSTEM\\sys.c                  0x00000000   Number         0  sys.o ABSOLUTE
    ..\\USER\\main.c                         0x00000000   Number         0  main.o ABSOLUTE
    dc.s                                     0x00000000   Number         0  dc.o ABSOLUTE
    RESET                                    0x08000000   Section      428  startup_stm32f427xx.o(RESET)
    !!!main                                  0x080001ac   Section        8  __main.o(!!!main)
    !!!scatter                               0x080001b4   Section       52  __scatter.o(!!!scatter)
    !!dczerorl2                              0x080001e8   Section       90  __dczerorl2.o(!!dczerorl2)
    !!handler_zi                             0x08000244   Section       28  __scatter_zi.o(!!handler_zi)
    .ARM.Collect$$libinit$$00000000          0x08000260   Section        2  libinit.o(.ARM.Collect$$libinit$$00000000)
    .ARM.Collect$$libinit$$00000001          0x08000262   Section        4  libinit2.o(.ARM.Collect$$libinit$$00000001)
    .ARM.Collect$$libinit$$00000004          0x08000266   Section        0  libinit2.o(.ARM.Collect$$libinit$$00000004)
    .ARM.Collect$$libinit$$0000000A          0x08000266   Section        0  libinit2.o(.ARM.Collect$$libinit$$0000000A)
    .ARM.Collect$$libinit$$0000000C          0x08000266   Section        0  libinit2.o(.ARM.Collect$$libinit$$0000000C)
    .ARM.Collect$$libinit$$0000000E          0x08000266   Section        0  libinit2.o(.ARM.Collect$$libinit$$0000000E)
    .ARM.Collect$$libinit$$00000011          0x08000266   Section        0  libinit2.o(.ARM.Collect$$libinit$$00000011)
    .ARM.Collect$$libinit$$00000013          0x08000266   Section        0  libinit2.o(.ARM.Collect$$libinit$$00000013)
    .ARM.Collect$$libinit$$00000015          0x08000266   Section        0  libinit2.o(.ARM.Collect$$libinit$$00000015)
    .ARM.Collect$$libinit$$00000017          0x08000266   Section        0  libinit2.o(.ARM.Collect$$libinit$$00000017)
    .ARM.Collect$$libinit$$00000019          0x08000266   Section        0  libinit2.o(.ARM.Collect$$libinit$$00000019)
    .ARM.Collect$$libinit$$0000001B          0x08000266   Section        0  libinit2.o(.ARM.Collect$$libinit$$0000001B)
    .ARM.Collect$$libinit$$0000001D          0x08000266   Section        0  libinit2.o(.ARM.Collect$$libinit$$0000001D)
    .ARM.Collect$$libinit$$0000001F          0x08000266   Section        0  libinit2.o(.ARM.Collect$$libinit$$0000001F)
    .ARM.Collect$$libinit$$00000021          0x08000266   Section        0  libinit2.o(.ARM.Collect$$libinit$$00000021)
    .ARM.Collect$$libinit$$00000023          0x08000266   Section        0  libinit2.o(.ARM.Collect$$libinit$$00000023)
    .ARM.Collect$$libinit$$00000025          0x08000266   Section        0  libinit2.o(.ARM.Collect$$libinit$$00000025)
    .ARM.Collect$$libinit$$0000002C          0x08000266   Section        0  libinit2.o(.ARM.Collect$$libinit$$0000002C)
    .ARM.Collect$$libinit$$0000002E          0x08000266   Section        0  libinit2.o(.ARM.Collect$$libinit$$0000002E)
    .ARM.Collect$$libinit$$00000030          0x08000266   Section        0  libinit2.o(.ARM.Collect$$libinit$$00000030)
    .ARM.Collect$$libinit$$00000032          0x08000266   Section        0  libinit2.o(.ARM.Collect$$libinit$$00000032)
    .ARM.Collect$$libinit$$00000033          0x08000266   Section        2  libinit2.o(.ARM.Collect$$libinit$$00000033)
    .ARM.Collect$$libshutdown$$00000000      0x08000268   Section        2  libshutdown.o(.ARM.Collect$$libshutdown$$00000000)
    .ARM.Collect$$libshutdown$$00000002      0x0800026a   Section        0  libshutdown2.o(.ARM.Collect$$libshutdown$$00000002)
    .ARM.Collect$$libshutdown$$00000004      0x0800026a   Section        0  libshutdown2.o(.ARM.Collect$$libshutdown$$00000004)
    .ARM.Collect$$libshutdown$$00000007      0x0800026a   Section        0  libshutdown2.o(.ARM.Collect$$libshutdown$$00000007)
    .ARM.Collect$$libshutdown$$0000000A      0x0800026a   Section        0  libshutdown2.o(.ARM.Collect$$libshutdown$$0000000A)
    .ARM.Collect$$libshutdown$$0000000C      0x0800026a   Section        0  libshutdown2.o(.ARM.Collect$$libshutdown$$0000000C)
    .ARM.Collect$$libshutdown$$0000000F      0x0800026a   Section        0  libshutdown2.o(.ARM.Collect$$libshutdown$$0000000F)
    .ARM.Collect$$libshutdown$$00000010      0x0800026a   Section        2  libshutdown2.o(.ARM.Collect$$libshutdown$$00000010)
    .ARM.Collect$$rtentry$$00000000          0x0800026c   Section        0  __rtentry.o(.ARM.Collect$$rtentry$$00000000)
    .ARM.Collect$$rtentry$$00000002          0x0800026c   Section        0  __rtentry2.o(.ARM.Collect$$rtentry$$00000002)
    .ARM.Collect$$rtentry$$00000004          0x0800026c   Section        6  __rtentry4.o(.ARM.Collect$$rtentry$$00000004)
    .ARM.Collect$$rtentry$$00000009          0x08000272   Section        0  __rtentry2.o(.ARM.Collect$$rtentry$$00000009)
    .ARM.Collect$$rtentry$$0000000A          0x08000272   Section        4  __rtentry2.o(.ARM.Collect$$rtentry$$0000000A)
    .ARM.Collect$$rtentry$$0000000C          0x08000276   Section        0  __rtentry2.o(.ARM.Collect$$rtentry$$0000000C)
    .ARM.Collect$$rtentry$$0000000D          0x08000276   Section        8  __rtentry2.o(.ARM.Collect$$rtentry$$0000000D)
    .ARM.Collect$$rtexit$$00000000           0x0800027e   Section        2  rtexit.o(.ARM.Collect$$rtexit$$00000000)
    .ARM.Collect$$rtexit$$00000002           0x08000280   Section        0  rtexit2.o(.ARM.Collect$$rtexit$$00000002)
    .ARM.Collect$$rtexit$$00000003           0x08000280   Section        4  rtexit2.o(.ARM.Collect$$rtexit$$00000003)
    .ARM.Collect$$rtexit$$00000004           0x08000284   Section        6  rtexit2.o(.ARM.Collect$$rtexit$$00000004)
    .text                                    0x0800028c   Section       64  startup_stm32f427xx.o(.text)
    $v0                                      0x0800028c   Number         0  startup_stm32f427xx.o(.text)
    .text                                    0x080002cc   Section        0  heapauxi.o(.text)
    .text                                    0x080002d2   Section       74  sys_stackheap_outer.o(.text)
    .text                                    0x0800031c   Section        0  exit.o(.text)
    .text                                    0x08000330   Section        8  libspace.o(.text)
    .text                                    0x08000338   Section        0  sys_exit.o(.text)
    .text                                    0x08000344   Section        2  use_no_semi.o(.text)
    .text                                    0x08000346   Section        0  indicate_semi.o(.text)
    i.BusFault_Handler                       0x08000346   Section        0  stm32f4xx_it.o(i.BusFault_Handler)
    i.CAN1_Init                              0x0800034c   Section        0  can.o(i.CAN1_Init)
    i.CAN1_RX0_IRQHandler                    0x0800045c   Section        0  can.o(i.CAN1_RX0_IRQHandler)
    i.CAN1_TX_IRQHandler                     0x08000498   Section        0  can.o(i.CAN1_TX_IRQHandler)
    i.CAN2_Init                              0x080004b4   Section        0  can.o(i.CAN2_Init)
    i.CAN2_RX0_IRQHandler                    0x080005c8   Section        0  can.o(i.CAN2_RX0_IRQHandler)
    i.CAN2_TX_IRQHandler                     0x080005f8   Section        0  can.o(i.CAN2_TX_IRQHandler)
    i.CAN_ClearFlag                          0x08000614   Section        0  stm32f4xx_can.o(i.CAN_ClearFlag)
    i.CAN_ClearITPendingBit                  0x0800064c   Section        0  stm32f4xx_can.o(i.CAN_ClearITPendingBit)
    i.CAN_Device_Init                        0x080006f4   Section        0  can_task.o(i.CAN_Device_Init)
    i.CAN_FilterInit                         0x0800076c   Section        0  stm32f4xx_can.o(i.CAN_FilterInit)
    i.CAN_GetITStatus                        0x08000874   Section        0  stm32f4xx_can.o(i.CAN_GetITStatus)
    i.CAN_ID_CHECK                           0x08000994   Section        0  can_data.o(i.CAN_ID_CHECK)
    i.CAN_ITConfig                           0x080009f4   Section        0  stm32f4xx_can.o(i.CAN_ITConfig)
    i.CAN_Init                               0x08000a06   Section        0  stm32f4xx_can.o(i.CAN_Init)
    i.CAN_Motor_Config                       0x08000b1c   Section        0  can_data.o(i.CAN_Motor_Config)
    i.CAN_Receive                            0x08000c38   Section        0  stm32f4xx_can.o(i.CAN_Receive)
    i.CAN_Transmit                           0x08000d28   Section        0  stm32f4xx_can.o(i.CAN_Transmit)
    i.CMControlLoop                          0x08000e50   Section        0  chassis.o(i.CMControlLoop)
    i.CheckITStatus                          0x08000ef8   Section        0  stm32f4xx_can.o(i.CheckITStatus)
    CheckITStatus                            0x08000ef9   Thumb Code    18  stm32f4xx_can.o(i.CheckITStatus)
    i.Control_Task                           0x08000f0c   Section        0  motor_control.o(i.Control_Task)
    i.DMA_ClearFlag                          0x08000f6c   Section        0  stm32f4xx_dma.o(i.DMA_ClearFlag)
    i.DMA_Cmd                                0x08000fa0   Section        0  stm32f4xx_dma.o(i.DMA_Cmd)
    i.DMA_DeInit                             0x08000fb8   Section        0  stm32f4xx_dma.o(i.DMA_DeInit)
    i.DMA_DoubleBufferModeCmd                0x08001110   Section        0  stm32f4xx_dma.o(i.DMA_DoubleBufferModeCmd)
    i.DMA_DoubleBufferModeConfig             0x08001126   Section        0  stm32f4xx_dma.o(i.DMA_DoubleBufferModeConfig)
    i.DMA_GetCurrDataCounter                 0x0800113e   Section        0  stm32f4xx_dma.o(i.DMA_GetCurrDataCounter)
    i.DMA_GetCurrentMemoryTarget             0x08001146   Section        0  stm32f4xx_dma.o(i.DMA_GetCurrentMemoryTarget)
    i.DMA_Init                               0x0800115c   Section        0  stm32f4xx_dma.o(i.DMA_Init)
    i.DMA_SetCurrDataCounter                 0x080011b4   Section        0  stm32f4xx_dma.o(i.DMA_SetCurrDataCounter)
    i.DebugMon_Handler                       0x080011b8   Section        0  stm32f4xx_it.o(i.DebugMon_Handler)
    i.Fric_controlLoop                       0x080011ba   Section        0  friction_control.o(i.Fric_controlLoop)
    i.GPIO_Init                              0x0800121c   Section        0  stm32f4xx_gpio.o(i.GPIO_Init)
    i.GPIO_PinAFConfig                       0x080012ac   Section        0  stm32f4xx_gpio.o(i.GPIO_PinAFConfig)
    i.GPIO_ResetBits                         0x080012f2   Section        0  stm32f4xx_gpio.o(i.GPIO_ResetBits)
    i.GPIO_SetBits                           0x080012f6   Section        0  stm32f4xx_gpio.o(i.GPIO_SetBits)
    i.GPIO_ToggleBits                        0x080012fa   Section        0  stm32f4xx_gpio.o(i.GPIO_ToggleBits)
    i.GetMotorData                           0x08001304   Section        0  can_data.o(i.GetMotorData)
    i.HardFault_Handler                      0x08001344   Section        0  stm32f4xx_it.o(i.HardFault_Handler)
    i.IncPID                                 0x08001348   Section        0  pid.o(i.IncPID)
    i.MemManage_Handler                      0x080013d4   Section        0  stm32f4xx_it.o(i.MemManage_Handler)
    i.NMI_Handler                            0x080013d8   Section        0  stm32f4xx_it.o(i.NMI_Handler)
    i.NVIC_Init                              0x080013dc   Section        0  misc.o(i.NVIC_Init)
    i.PID_Calc                               0x08001454   Section        0  pid.o(i.PID_Calc)
    i.RCC_AHB1PeriphClockCmd                 0x0800156c   Section        0  stm32f4xx_rcc.o(i.RCC_AHB1PeriphClockCmd)
    i.RCC_APB1PeriphClockCmd                 0x0800158c   Section        0  stm32f4xx_rcc.o(i.RCC_APB1PeriphClockCmd)
    i.RCC_APB1PeriphResetCmd                 0x080015ac   Section        0  stm32f4xx_rcc.o(i.RCC_APB1PeriphResetCmd)
    i.RCC_APB2PeriphClockCmd                 0x080015cc   Section        0  stm32f4xx_rcc.o(i.RCC_APB2PeriphClockCmd)
    i.RCC_APB2PeriphResetCmd                 0x080015ec   Section        0  stm32f4xx_rcc.o(i.RCC_APB2PeriphResetCmd)
    i.RCC_GetClocksFreq                      0x0800160c   Section        0  stm32f4xx_rcc.o(i.RCC_GetClocksFreq)
    i.RC_Init                                0x080016f4   Section        0  remote_hardware.o(i.RC_Init)
    i.RammerControlLoop                      0x08001840   Section        0  rammer_control.o(i.RammerControlLoop)
    i.RampCalc                               0x080018b0   Section        0  ramp.o(i.RampCalc)
    i.RampInit                               0x080018e0   Section        0  ramp.o(i.RampInit)
    i.RampIsOverflow                         0x080018e4   Section        0  ramp.o(i.RampIsOverflow)
    i.RampResetCounter                       0x080018f6   Section        0  ramp.o(i.RampResetCounter)
    i.RampSetCounter                         0x080018fc   Section        0  ramp.o(i.RampSetCounter)
    i.RampSetScale                           0x08001900   Section        0  ramp.o(i.RampSetScale)
    i.SBUS_TO_RC                             0x08001904   Section        0  remote_app.o(i.SBUS_TO_RC)
    SBUS_TO_RC                               0x08001905   Thumb Code   218  remote_app.o(i.SBUS_TO_RC)
    i.SendChassisSpeed                       0x080019de   Section        0  can_data.o(i.SendChassisSpeed)
    i.SendMotorCurrent                       0x08001a3c   Section        0  can_data.o(i.SendMotorCurrent)
    i.SetMotorCurrent                        0x08001b6c   Section        0  can_data.o(i.SetMotorCurrent)
    i.SetSysClock                            0x08001e54   Section        0  system_stm32f4xx.o(i.SetSysClock)
    SetSysClock                              0x08001e55   Thumb Code   272  system_stm32f4xx.o(i.SetSysClock)
    i.SysTick_CLKSourceConfig                0x08001f74   Section        0  misc.o(i.SysTick_CLKSourceConfig)
    i.SystemInit                             0x08001f9c   Section        0  system_stm32f4xx.o(i.SystemInit)
    i.TIM6_DAC_IRQHandler                    0x08002004   Section        0  timer.o(i.TIM6_DAC_IRQHandler)
    i.TIM6_Init                              0x0800202c   Section        0  timer.o(i.TIM6_Init)
    i.TIM6_Start                             0x08002078   Section        0  timer.o(i.TIM6_Start)
    i.TIM_ARRPreloadConfig                   0x0800209c   Section        0  stm32f4xx_tim.o(i.TIM_ARRPreloadConfig)
    i.TIM_ClearFlag                          0x080020b4   Section        0  stm32f4xx_tim.o(i.TIM_ClearFlag)
    i.TIM_ClearITPendingBit                  0x080020ba   Section        0  stm32f4xx_tim.o(i.TIM_ClearITPendingBit)
    i.TIM_Cmd                                0x080020c0   Section        0  stm32f4xx_tim.o(i.TIM_Cmd)
    i.TIM_GetITStatus                        0x080020d8   Section        0  stm32f4xx_tim.o(i.TIM_GetITStatus)
    i.TIM_ITConfig                           0x080020fa   Section        0  stm32f4xx_tim.o(i.TIM_ITConfig)
    i.TIM_OC1Init                            0x0800210c   Section        0  stm32f4xx_tim.o(i.TIM_OC1Init)
    i.TIM_OC1PreloadConfig                   0x08002188   Section        0  stm32f4xx_tim.o(i.TIM_OC1PreloadConfig)
    i.TIM_SetCompare1                        0x0800219a   Section        0  stm32f4xx_tim.o(i.TIM_SetCompare1)
    i.TIM_TimeBaseInit                       0x080021a0   Section        0  stm32f4xx_tim.o(i.TIM_TimeBaseInit)
    i.USART1_IRQHandler                      0x08002224   Section        0  remote_app.o(i.USART1_IRQHandler)
    i.USART_ClearFlag                        0x0800230c   Section        0  stm32f4xx_usart.o(i.USART_ClearFlag)
    i.USART_Cmd                              0x0800231e   Section        0  stm32f4xx_usart.o(i.USART_Cmd)
    i.USART_DMACmd                           0x08002336   Section        0  stm32f4xx_usart.o(i.USART_DMACmd)
    i.USART_DeInit                           0x08002348   Section        0  stm32f4xx_usart.o(i.USART_DeInit)
    i.USART_GetITStatus                      0x08002438   Section        0  stm32f4xx_usart.o(i.USART_GetITStatus)
    i.USART_ITConfig                         0x0800248c   Section        0  stm32f4xx_usart.o(i.USART_ITConfig)
    i.USART_Init                             0x080024d8   Section        0  stm32f4xx_usart.o(i.USART_Init)
    i.USART_ReceiveData                      0x080025ac   Section        0  stm32f4xx_usart.o(i.USART_ReceiveData)
    i.UsageFault_Handler                     0x080025b6   Section        0  stm32f4xx_it.o(i.UsageFault_Handler)
    i.abs_limit                              0x080025ba   Section        0  pid.o(i.abs_limit)
    i.angle_convert                          0x080025e0   Section        0  can_data.o(i.angle_convert)
    i.bsp_init                               0x08002764   Section        0  init.o(i.bsp_init)
    i.buzzer_init                            0x080027cc   Section        0  buzzer.o(i.buzzer_init)
    i.buzzer_off                             0x08002884   Section        0  buzzer.o(i.buzzer_off)
    i.buzzer_on                              0x08002894   Section        0  buzzer.o(i.buzzer_on)
    i.can_msg_encode                         0x080028b0   Section        0  can_data.o(i.can_msg_encode)
    i.chassisSelfCheck                       0x08002ae0   Section        0  can_data.o(i.chassisSelfCheck)
    i.delay_init                             0x08002b34   Section        0  delay.o(i.delay_init)
    i.delay_ms                               0x08002b70   Section        0  delay.o(i.delay_ms)
    i.delay_us                               0x08002ba8   Section        0  delay.o(i.delay_us)
    i.delay_xms                              0x08002bf4   Section        0  delay.o(i.delay_xms)
    i.flow_led_off                           0x08002c40   Section        0  led.o(i.flow_led_off)
    i.get_remote_control_point               0x08002c58   Section        0  remote_app.o(i.get_remote_control_point)
    i.gimbalControl                          0x08002c60   Section        0  gimbal_control.o(i.gimbalControl)
    i.led_configuration                      0x08002d58   Section        0  led.o(i.led_configuration)
    i.led_green_off                          0x08002dc4   Section        0  led.o(i.led_green_off)
    i.led_green_toggle                       0x08002dd8   Section        0  led.o(i.led_green_toggle)
    i.led_red_off                            0x08002dec   Section        0  led.o(i.led_red_off)
    i.main                                   0x08002e00   Section        0  main.o(i.main)
    i.power_ctrl_configuration               0x08002e08   Section        0  power_ctrl.o(i.power_ctrl_configuration)
    i.power_ctrl_off                         0x08002e50   Section        0  power_ctrl.o(i.power_ctrl_off)
    i.power_ctrl_on                          0x08002e70   Section        0  power_ctrl.o(i.power_ctrl_on)
    i.process_remote                         0x08002e90   Section        0  motor_control.o(i.process_remote)
    i.remote_control_init                    0x08003010   Section        0  remote_app.o(i.remote_control_init)
    x$fpl$d2f                                0x08003024   Section       98  d2f.o(x$fpl$d2f)
    $v0                                      0x08003024   Number         0  d2f.o(x$fpl$d2f)
    x$fpl$ddiv                               0x08003088   Section      688  ddiv.o(x$fpl$ddiv)
    $v0                                      0x08003088   Number         0  ddiv.o(x$fpl$ddiv)
    ddiv_entry                               0x0800308f   Thumb Code     0  ddiv.o(x$fpl$ddiv)
    x$fpl$dflt                               0x08003338   Section       46  dflt_clz.o(x$fpl$dflt)
    $v0                                      0x08003338   Number         0  dflt_clz.o(x$fpl$dflt)
    x$fpl$dmul                               0x08003368   Section      340  dmul.o(x$fpl$dmul)
    $v0                                      0x08003368   Number         0  dmul.o(x$fpl$dmul)
    x$fpl$dnaninf                            0x080034bc   Section      156  dnaninf.o(x$fpl$dnaninf)
    $v0                                      0x080034bc   Number         0  dnaninf.o(x$fpl$dnaninf)
    x$fpl$dretinf                            0x08003558   Section       12  dretinf.o(x$fpl$dretinf)
    $v0                                      0x08003558   Number         0  dretinf.o(x$fpl$dretinf)
    x$fpl$fpinit                             0x08003564   Section       10  fpinit.o(x$fpl$fpinit)
    $v0                                      0x08003564   Number         0  fpinit.o(x$fpl$fpinit)
    x$fpl$fretinf                            0x0800356e   Section       10  fretinf.o(x$fpl$fretinf)
    $v0                                      0x0800356e   Number         0  fretinf.o(x$fpl$fretinf)
    x$fpl$usenofp                            0x08003578   Section        0  usenofp.o(x$fpl$usenofp)
    .data                                    0x20000000   Section        4  delay.o(.data)
    fac_us                                   0x20000000   Data           1  delay.o(.data)
    fac_ms                                   0x20000002   Data           2  delay.o(.data)
    .data                                    0x20000004   Section       16  stm32f4xx_rcc.o(.data)
    APBAHBPrescTable                         0x20000004   Data          16  stm32f4xx_rcc.o(.data)
    .data                                    0x20000014   Section        2  remote_app.o(.data)
    this_time_rx_len                         0x20000014   Data           2  remote_app.o(.data)
    .data                                    0x20000018   Section      214  can_data.o(.data)
    motor_data                               0x20000018   Data          80  can_data.o(.data)
    motor_last_data                          0x20000068   Data          80  can_data.o(.data)
    data_CAN1_0x200                          0x200000b8   Data           8  can_data.o(.data)
    data_CAN1_0x1FF                          0x200000c0   Data           8  can_data.o(.data)
    data_CAN1_0x2FF                          0x200000c8   Data           8  can_data.o(.data)
    data_CAN2_0x200                          0x200000d0   Data           8  can_data.o(.data)
    data_CAN2_0x1FF                          0x200000d8   Data           8  can_data.o(.data)
    data_CAN2_0x2FF                          0x200000e0   Data           8  can_data.o(.data)
    .data                                    0x200000f0   Section       22  motor_control.o(.data)
    .data                                    0x20000108   Section      396  pid.o(.data)
    .data                                    0x20000294   Section       72  gimbal_control.o(.data)
    .data                                    0x200002dc   Section       44  chassis.o(.data)
    .bss                                     0x20000308   Section       94  remote_app.o(.bss)
    SBUS_rx_buf                              0x20000308   Data          72  remote_app.o(.bss)
    rc_ctrl                                  0x20000350   Data          22  remote_app.o(.bss)
    .bss                                     0x20000368   Section       80  can_data.o(.bss)
    can_cfg_info                             0x20000368   Data          80  can_data.o(.bss)
    .bss                                     0x200003b8   Section       16  rammer_control.o(.bss)
    .bss                                     0x200003c8   Section       96  libspace.o(.bss)
    HEAP                                     0x20000428   Section     4096  startup_stm32f427xx.o(HEAP)
    Heap_Mem                                 0x20000428   Data        4096  startup_stm32f427xx.o(HEAP)
    STACK                                    0x20001428   Section     1024  startup_stm32f427xx.o(STACK)
    Stack_Mem                                0x20001428   Data        1024  startup_stm32f427xx.o(STACK)
    __initial_sp                             0x20001828   Data           0  startup_stm32f427xx.o(STACK)

    Global Symbols

    Symbol Name                              Value     Ov Type        Size  Object(Section)

    BuildAttributes$$THM_ISAv4$E$P$D$K$B$S$7EM$VFPi3$EXTD16$VFPS$VFMA$PE$A:L22UL41UL21$X:L11$S22US41US21$IEEE1$IW$USESV6$~STKCKD$USESV7$~SHL$OSPACE$ROPI$EBA8$UX$STANDARDLIB$REQ8$PRES8$EABIv2 0x00000000   Number         0  anon$$obj.o ABSOLUTE
    __ARM_use_no_argv                        0x00000000   Number         0  main.o ABSOLUTE
    __ARM_exceptions_init                     - Undefined Weak Reference
    __alloca_initialize                       - Undefined Weak Reference
    __arm_preinit_                            - Undefined Weak Reference
    __cpp_initialize__aeabi_                  - Undefined Weak Reference
    __cxa_finalize                            - Undefined Weak Reference
    __rt_locale                               - Undefined Weak Reference
    __sigvec_lookup                           - Undefined Weak Reference
    _atexit_init                              - Undefined Weak Reference
    _call_atexit_fns                          - Undefined Weak Reference
    _clock_init                               - Undefined Weak Reference
    _fp_trap_init                             - Undefined Weak Reference
    _fp_trap_shutdown                         - Undefined Weak Reference
    _get_lc_collate                           - Undefined Weak Reference
    _get_lc_ctype                             - Undefined Weak Reference
    _get_lc_monetary                          - Undefined Weak Reference
    _get_lc_numeric                           - Undefined Weak Reference
    _get_lc_time                              - Undefined Weak Reference
    _getenv_init                              - Undefined Weak Reference
    _handle_redirection                       - Undefined Weak Reference
    _init_alloc                               - Undefined Weak Reference
    _init_user_alloc                          - Undefined Weak Reference
    _initio                                   - Undefined Weak Reference
    _rand_init                                - Undefined Weak Reference
    _signal_finish                            - Undefined Weak Reference
    _signal_init                              - Undefined Weak Reference
    _terminate_alloc                          - Undefined Weak Reference
    _terminate_user_alloc                     - Undefined Weak Reference
    _terminateio                              - Undefined Weak Reference
    __Vectors_Size                           0x000001ac   Number         0  startup_stm32f427xx.o ABSOLUTE
    __Vectors                                0x08000000   Data           4  startup_stm32f427xx.o(RESET)
    __Vectors_End                            0x080001ac   Data           0  startup_stm32f427xx.o(RESET)
    __main                                   0x080001ad   Thumb Code     8  __main.o(!!!main)
    __scatterload                            0x080001b5   Thumb Code     0  __scatter.o(!!!scatter)
    __scatterload_rt2                        0x080001b5   Thumb Code    44  __scatter.o(!!!scatter)
    __scatterload_rt2_thumb_only             0x080001b5   Thumb Code     0  __scatter.o(!!!scatter)
    __scatterload_null                       0x080001c3   Thumb Code     0  __scatter.o(!!!scatter)
    __decompress                             0x080001e9   Thumb Code    90  __dczerorl2.o(!!dczerorl2)
    __decompress1                            0x080001e9   Thumb Code     0  __dczerorl2.o(!!dczerorl2)
    __scatterload_zeroinit                   0x08000245   Thumb Code    28  __scatter_zi.o(!!handler_zi)
    __rt_lib_init                            0x08000261   Thumb Code     0  libinit.o(.ARM.Collect$$libinit$$00000000)
    __rt_lib_init_fp_1                       0x08000263   Thumb Code     0  libinit2.o(.ARM.Collect$$libinit$$00000001)
    __rt_lib_init_alloca_1                   0x08000267   Thumb Code     0  libinit2.o(.ARM.Collect$$libinit$$0000002E)
    __rt_lib_init_argv_1                     0x08000267   Thumb Code     0  libinit2.o(.ARM.Collect$$libinit$$0000002C)
    __rt_lib_init_atexit_1                   0x08000267   Thumb Code     0  libinit2.o(.ARM.Collect$$libinit$$0000001B)
    __rt_lib_init_clock_1                    0x08000267   Thumb Code     0  libinit2.o(.ARM.Collect$$libinit$$00000021)
    __rt_lib_init_cpp_1                      0x08000267   Thumb Code     0  libinit2.o(.ARM.Collect$$libinit$$00000032)
    __rt_lib_init_exceptions_1               0x08000267   Thumb Code     0  libinit2.o(.ARM.Collect$$libinit$$00000030)
    __rt_lib_init_fp_trap_1                  0x08000267   Thumb Code     0  libinit2.o(.ARM.Collect$$libinit$$0000001F)
    __rt_lib_init_getenv_1                   0x08000267   Thumb Code     0  libinit2.o(.ARM.Collect$$libinit$$00000023)
    __rt_lib_init_heap_1                     0x08000267   Thumb Code     0  libinit2.o(.ARM.Collect$$libinit$$0000000A)
    __rt_lib_init_lc_collate_1               0x08000267   Thumb Code     0  libinit2.o(.ARM.Collect$$libinit$$00000011)
    __rt_lib_init_lc_ctype_1                 0x08000267   Thumb Code     0  libinit2.o(.ARM.Collect$$libinit$$00000013)
    __rt_lib_init_lc_monetary_1              0x08000267   Thumb Code     0  libinit2.o(.ARM.Collect$$libinit$$00000015)
    __rt_lib_init_lc_numeric_1               0x08000267   Thumb Code     0  libinit2.o(.ARM.Collect$$libinit$$00000017)
    __rt_lib_init_lc_time_1                  0x08000267   Thumb Code     0  libinit2.o(.ARM.Collect$$libinit$$00000019)
    __rt_lib_init_preinit_1                  0x08000267   Thumb Code     0  libinit2.o(.ARM.Collect$$libinit$$00000004)
    __rt_lib_init_rand_1                     0x08000267   Thumb Code     0  libinit2.o(.ARM.Collect$$libinit$$0000000E)
    __rt_lib_init_return                     0x08000267   Thumb Code     0  libinit2.o(.ARM.Collect$$libinit$$00000033)
    __rt_lib_init_signal_1                   0x08000267   Thumb Code     0  libinit2.o(.ARM.Collect$$libinit$$0000001D)
    __rt_lib_init_stdio_1                    0x08000267   Thumb Code     0  libinit2.o(.ARM.Collect$$libinit$$00000025)
    __rt_lib_init_user_alloc_1               0x08000267   Thumb Code     0  libinit2.o(.ARM.Collect$$libinit$$0000000C)
    __rt_lib_shutdown                        0x08000269   Thumb Code     0  libshutdown.o(.ARM.Collect$$libshutdown$$00000000)
    __rt_lib_shutdown_cpp_1                  0x0800026b   Thumb Code     0  libshutdown2.o(.ARM.Collect$$libshutdown$$00000002)
    __rt_lib_shutdown_fp_trap_1              0x0800026b   Thumb Code     0  libshutdown2.o(.ARM.Collect$$libshutdown$$00000007)
    __rt_lib_shutdown_heap_1                 0x0800026b   Thumb Code     0  libshutdown2.o(.ARM.Collect$$libshutdown$$0000000F)
    __rt_lib_shutdown_return                 0x0800026b   Thumb Code     0  libshutdown2.o(.ARM.Collect$$libshutdown$$00000010)
    __rt_lib_shutdown_signal_1               0x0800026b   Thumb Code     0  libshutdown2.o(.ARM.Collect$$libshutdown$$0000000A)
    __rt_lib_shutdown_stdio_1                0x0800026b   Thumb Code     0  libshutdown2.o(.ARM.Collect$$libshutdown$$00000004)
    __rt_lib_shutdown_user_alloc_1           0x0800026b   Thumb Code     0  libshutdown2.o(.ARM.Collect$$libshutdown$$0000000C)
    __rt_entry                               0x0800026d   Thumb Code     0  __rtentry.o(.ARM.Collect$$rtentry$$00000000)
    __rt_entry_presh_1                       0x0800026d   Thumb Code     0  __rtentry2.o(.ARM.Collect$$rtentry$$00000002)
    __rt_entry_sh                            0x0800026d   Thumb Code     0  __rtentry4.o(.ARM.Collect$$rtentry$$00000004)
    __rt_entry_li                            0x08000273   Thumb Code     0  __rtentry2.o(.ARM.Collect$$rtentry$$0000000A)
    __rt_entry_postsh_1                      0x08000273   Thumb Code     0  __rtentry2.o(.ARM.Collect$$rtentry$$00000009)
    __rt_entry_main                          0x08000277   Thumb Code     0  __rtentry2.o(.ARM.Collect$$rtentry$$0000000D)
    __rt_entry_postli_1                      0x08000277   Thumb Code     0  __rtentry2.o(.ARM.Collect$$rtentry$$0000000C)
    __rt_exit                                0x0800027f   Thumb Code     0  rtexit.o(.ARM.Collect$$rtexit$$00000000)
    __rt_exit_ls                             0x08000281   Thumb Code     0  rtexit2.o(.ARM.Collect$$rtexit$$00000003)
    __rt_exit_prels_1                        0x08000281   Thumb Code     0  rtexit2.o(.ARM.Collect$$rtexit$$00000002)
    __rt_exit_exit                           0x08000285   Thumb Code     0  rtexit2.o(.ARM.Collect$$rtexit$$00000004)
    Reset_Handler                            0x0800028d   Thumb Code     8  startup_stm32f427xx.o(.text)
    SVC_Handler                              0x0800029f   Thumb Code     2  startup_stm32f427xx.o(.text)
    PendSV_Handler                           0x080002a3   Thumb Code     2  startup_stm32f427xx.o(.text)
    SysTick_Handler                          0x080002a5   Thumb Code     2  startup_stm32f427xx.o(.text)
    ADC_IRQHandler                           0x080002a7   Thumb Code     0  startup_stm32f427xx.o(.text)
    CAN1_RX1_IRQHandler                      0x080002a7   Thumb Code     0  startup_stm32f427xx.o(.text)
    CAN1_SCE_IRQHandler                      0x080002a7   Thumb Code     0  startup_stm32f427xx.o(.text)
    CAN2_RX1_IRQHandler                      0x080002a7   Thumb Code     0  startup_stm32f427xx.o(.text)
    CAN2_SCE_IRQHandler                      0x080002a7   Thumb Code     0  startup_stm32f427xx.o(.text)
    DCMI_IRQHandler                          0x080002a7   Thumb Code     0  startup_stm32f427xx.o(.text)
    DMA1_Stream0_IRQHandler                  0x080002a7   Thumb Code     0  startup_stm32f427xx.o(.text)
    DMA1_Stream1_IRQHandler                  0x080002a7   Thumb Code     0  startup_stm32f427xx.o(.text)
    DMA1_Stream2_IRQHandler                  0x080002a7   Thumb Code     0  startup_stm32f427xx.o(.text)
    DMA1_Stream3_IRQHandler                  0x080002a7   Thumb Code     0  startup_stm32f427xx.o(.text)
    DMA1_Stream4_IRQHandler                  0x080002a7   Thumb Code     0  startup_stm32f427xx.o(.text)
    DMA1_Stream5_IRQHandler                  0x080002a7   Thumb Code     0  startup_stm32f427xx.o(.text)
    DMA1_Stream6_IRQHandler                  0x080002a7   Thumb Code     0  startup_stm32f427xx.o(.text)
    DMA1_Stream7_IRQHandler                  0x080002a7   Thumb Code     0  startup_stm32f427xx.o(.text)
    DMA2D_IRQHandler                         0x080002a7   Thumb Code     0  startup_stm32f427xx.o(.text)
    DMA2_Stream0_IRQHandler                  0x080002a7   Thumb Code     0  startup_stm32f427xx.o(.text)
    DMA2_Stream1_IRQHandler                  0x080002a7   Thumb Code     0  startup_stm32f427xx.o(.text)
    DMA2_Stream2_IRQHandler                  0x080002a7   Thumb Code     0  startup_stm32f427xx.o(.text)
    DMA2_Stream3_IRQHandler                  0x080002a7   Thumb Code     0  startup_stm32f427xx.o(.text)
    DMA2_Stream4_IRQHandler                  0x080002a7   Thumb Code     0  startup_stm32f427xx.o(.text)
    DMA2_Stream5_IRQHandler                  0x080002a7   Thumb Code     0  startup_stm32f427xx.o(.text)
    DMA2_Stream6_IRQHandler                  0x080002a7   Thumb Code     0  startup_stm32f427xx.o(.text)
    DMA2_Stream7_IRQHandler                  0x080002a7   Thumb Code     0  startup_stm32f427xx.o(.text)
    ETH_IRQHandler                           0x080002a7   Thumb Code     0  startup_stm32f427xx.o(.text)
    ETH_WKUP_IRQHandler                      0x080002a7   Thumb Code     0  startup_stm32f427xx.o(.text)
    EXTI0_IRQHandler                         0x080002a7   Thumb Code     0  startup_stm32f427xx.o(.text)
    EXTI15_10_IRQHandler                     0x080002a7   Thumb Code     0  startup_stm32f427xx.o(.text)
    EXTI1_IRQHandler                         0x080002a7   Thumb Code     0  startup_stm32f427xx.o(.text)
    EXTI2_IRQHandler                         0x080002a7   Thumb Code     0  startup_stm32f427xx.o(.text)
    EXTI3_IRQHandler                         0x080002a7   Thumb Code     0  startup_stm32f427xx.o(.text)
    EXTI4_IRQHandler                         0x080002a7   Thumb Code     0  startup_stm32f427xx.o(.text)
    EXTI9_5_IRQHandler                       0x080002a7   Thumb Code     0  startup_stm32f427xx.o(.text)
    FLASH_IRQHandler                         0x080002a7   Thumb Code     0  startup_stm32f427xx.o(.text)
    FMC_IRQHandler                           0x080002a7   Thumb Code     0  startup_stm32f427xx.o(.text)
    FPU_IRQHandler                           0x080002a7   Thumb Code     0  startup_stm32f427xx.o(.text)
    HASH_RNG_IRQHandler                      0x080002a7   Thumb Code     0  startup_stm32f427xx.o(.text)
    I2C1_ER_IRQHandler                       0x080002a7   Thumb Code     0  startup_stm32f427xx.o(.text)
    I2C1_EV_IRQHandler                       0x080002a7   Thumb Code     0  startup_stm32f427xx.o(.text)
    I2C2_ER_IRQHandler                       0x080002a7   Thumb Code     0  startup_stm32f427xx.o(.text)
    I2C2_EV_IRQHandler                       0x080002a7   Thumb Code     0  startup_stm32f427xx.o(.text)
    I2C3_ER_IRQHandler                       0x080002a7   Thumb Code     0  startup_stm32f427xx.o(.text)
    I2C3_EV_IRQHandler                       0x080002a7   Thumb Code     0  startup_stm32f427xx.o(.text)
    OTG_FS_IRQHandler                        0x080002a7   Thumb Code     0  startup_stm32f427xx.o(.text)
    OTG_FS_WKUP_IRQHandler                   0x080002a7   Thumb Code     0  startup_stm32f427xx.o(.text)
    OTG_HS_EP1_IN_IRQHandler                 0x080002a7   Thumb Code     0  startup_stm32f427xx.o(.text)
    OTG_HS_EP1_OUT_IRQHandler                0x080002a7   Thumb Code     0  startup_stm32f427xx.o(.text)
    OTG_HS_IRQHandler                        0x080002a7   Thumb Code     0  startup_stm32f427xx.o(.text)
    OTG_HS_WKUP_IRQHandler                   0x080002a7   Thumb Code     0  startup_stm32f427xx.o(.text)
    PVD_IRQHandler                           0x080002a7   Thumb Code     0  startup_stm32f427xx.o(.text)
    RCC_IRQHandler                           0x080002a7   Thumb Code     0  startup_stm32f427xx.o(.text)
    RTC_Alarm_IRQHandler                     0x080002a7   Thumb Code     0  startup_stm32f427xx.o(.text)
    RTC_WKUP_IRQHandler                      0x080002a7   Thumb Code     0  startup_stm32f427xx.o(.text)
    SAI1_IRQHandler                          0x080002a7   Thumb Code     0  startup_stm32f427xx.o(.text)
    SDIO_IRQHandler                          0x080002a7   Thumb Code     0  startup_stm32f427xx.o(.text)
    SPI1_IRQHandler                          0x080002a7   Thumb Code     0  startup_stm32f427xx.o(.text)
    SPI2_IRQHandler                          0x080002a7   Thumb Code     0  startup_stm32f427xx.o(.text)
    SPI3_IRQHandler                          0x080002a7   Thumb Code     0  startup_stm32f427xx.o(.text)
    SPI4_IRQHandler                          0x080002a7   Thumb Code     0  startup_stm32f427xx.o(.text)
    SPI5_IRQHandler                          0x080002a7   Thumb Code     0  startup_stm32f427xx.o(.text)
    SPI6_IRQHandler                          0x080002a7   Thumb Code     0  startup_stm32f427xx.o(.text)
    TAMP_STAMP_IRQHandler                    0x080002a7   Thumb Code     0  startup_stm32f427xx.o(.text)
    TIM1_BRK_TIM9_IRQHandler                 0x080002a7   Thumb Code     0  startup_stm32f427xx.o(.text)
    TIM1_CC_IRQHandler                       0x080002a7   Thumb Code     0  startup_stm32f427xx.o(.text)
    TIM1_TRG_COM_TIM11_IRQHandler            0x080002a7   Thumb Code     0  startup_stm32f427xx.o(.text)
    TIM1_UP_TIM10_IRQHandler                 0x080002a7   Thumb Code     0  startup_stm32f427xx.o(.text)
    TIM2_IRQHandler                          0x080002a7   Thumb Code     0  startup_stm32f427xx.o(.text)
    TIM3_IRQHandler                          0x080002a7   Thumb Code     0  startup_stm32f427xx.o(.text)
    TIM4_IRQHandler                          0x080002a7   Thumb Code     0  startup_stm32f427xx.o(.text)
    TIM5_IRQHandler                          0x080002a7   Thumb Code     0  startup_stm32f427xx.o(.text)
    TIM7_IRQHandler                          0x080002a7   Thumb Code     0  startup_stm32f427xx.o(.text)
    TIM8_BRK_TIM12_IRQHandler                0x080002a7   Thumb Code     0  startup_stm32f427xx.o(.text)
    TIM8_CC_IRQHandler                       0x080002a7   Thumb Code     0  startup_stm32f427xx.o(.text)
    TIM8_TRG_COM_TIM14_IRQHandler            0x080002a7   Thumb Code     0  startup_stm32f427xx.o(.text)
    TIM8_UP_TIM13_IRQHandler                 0x080002a7   Thumb Code     0  startup_stm32f427xx.o(.text)
    UART4_IRQHandler                         0x080002a7   Thumb Code     0  startup_stm32f427xx.o(.text)
    UART5_IRQHandler                         0x080002a7   Thumb Code     0  startup_stm32f427xx.o(.text)
    UART7_IRQHandler                         0x080002a7   Thumb Code     0  startup_stm32f427xx.o(.text)
    UART8_IRQHandler                         0x080002a7   Thumb Code     0  startup_stm32f427xx.o(.text)
    USART2_IRQHandler                        0x080002a7   Thumb Code     0  startup_stm32f427xx.o(.text)
    USART3_IRQHandler                        0x080002a7   Thumb Code     0  startup_stm32f427xx.o(.text)
    USART6_IRQHandler                        0x080002a7   Thumb Code     0  startup_stm32f427xx.o(.text)
    WWDG_IRQHandler                          0x080002a7   Thumb Code     0  startup_stm32f427xx.o(.text)
    __user_initial_stackheap                 0x080002a9   Thumb Code     0  startup_stm32f427xx.o(.text)
    __use_two_region_memory                  0x080002cd   Thumb Code     2  heapauxi.o(.text)
    __rt_heap_escrow$2region                 0x080002cf   Thumb Code     2  heapauxi.o(.text)
    __rt_heap_expand$2region                 0x080002d1   Thumb Code     2  heapauxi.o(.text)
    __user_setup_stackheap                   0x080002d3   Thumb Code    74  sys_stackheap_outer.o(.text)
    exit                                     0x0800031d   Thumb Code    18  exit.o(.text)
    __user_libspace                          0x08000331   Thumb Code     8  libspace.o(.text)
    __user_perproc_libspace                  0x08000331   Thumb Code     0  libspace.o(.text)
    __user_perthread_libspace                0x08000331   Thumb Code     0  libspace.o(.text)
    _sys_exit                                0x08000339   Thumb Code     8  sys_exit.o(.text)
    __I$use$semihosting                      0x08000345   Thumb Code     0  use_no_semi.o(.text)
    __use_no_semihosting_swi                 0x08000345   Thumb Code     2  use_no_semi.o(.text)
    BusFault_Handler                         0x08000347   Thumb Code     4  stm32f4xx_it.o(i.BusFault_Handler)
    __semihosting_library_function           0x08000347   Thumb Code     0  indicate_semi.o(.text)
    CAN1_Init                                0x0800034d   Thumb Code   262  can.o(i.CAN1_Init)
    CAN1_RX0_IRQHandler                      0x0800045d   Thumb Code    52  can.o(i.CAN1_RX0_IRQHandler)
    CAN1_TX_IRQHandler                       0x08000499   Thumb Code    22  can.o(i.CAN1_TX_IRQHandler)
    CAN2_Init                                0x080004b5   Thumb Code   266  can.o(i.CAN2_Init)
    CAN2_RX0_IRQHandler                      0x080005c9   Thumb Code    44  can.o(i.CAN2_RX0_IRQHandler)
    CAN2_TX_IRQHandler                       0x080005f9   Thumb Code    22  can.o(i.CAN2_TX_IRQHandler)
    CAN_ClearFlag                            0x08000615   Thumb Code    52  stm32f4xx_can.o(i.CAN_ClearFlag)
    CAN_ClearITPendingBit                    0x0800064d   Thumb Code   162  stm32f4xx_can.o(i.CAN_ClearITPendingBit)
    CAN_Device_Init                          0x080006f5   Thumb Code   120  can_task.o(i.CAN_Device_Init)
    CAN_FilterInit                           0x0800076d   Thumb Code   258  stm32f4xx_can.o(i.CAN_FilterInit)
    CAN_GetITStatus                          0x08000875   Thumb Code   284  stm32f4xx_can.o(i.CAN_GetITStatus)
    CAN_ID_CHECK                             0x08000995   Thumb Code    90  can_data.o(i.CAN_ID_CHECK)
    CAN_ITConfig                             0x080009f5   Thumb Code    18  stm32f4xx_can.o(i.CAN_ITConfig)
    CAN_Init                                 0x08000a07   Thumb Code   276  stm32f4xx_can.o(i.CAN_Init)
    CAN_Motor_Config                         0x08000b1d   Thumb Code   278  can_data.o(i.CAN_Motor_Config)
    CAN_Receive                              0x08000c39   Thumb Code   240  stm32f4xx_can.o(i.CAN_Receive)
    CAN_Transmit                             0x08000d29   Thumb Code   294  stm32f4xx_can.o(i.CAN_Transmit)
    CMControlLoop                            0x08000e51   Thumb Code   152  chassis.o(i.CMControlLoop)
    Control_Task                             0x08000f0d   Thumb Code    66  motor_control.o(i.Control_Task)
    DMA_ClearFlag                            0x08000f6d   Thumb Code    38  stm32f4xx_dma.o(i.DMA_ClearFlag)
    DMA_Cmd                                  0x08000fa1   Thumb Code    22  stm32f4xx_dma.o(i.DMA_Cmd)
    DMA_DeInit                               0x08000fb9   Thumb Code   324  stm32f4xx_dma.o(i.DMA_DeInit)
    DMA_DoubleBufferModeCmd                  0x08001111   Thumb Code    22  stm32f4xx_dma.o(i.DMA_DoubleBufferModeCmd)
    DMA_DoubleBufferModeConfig               0x08001127   Thumb Code    24  stm32f4xx_dma.o(i.DMA_DoubleBufferModeConfig)
    DMA_GetCurrDataCounter                   0x0800113f   Thumb Code     8  stm32f4xx_dma.o(i.DMA_GetCurrDataCounter)
    DMA_GetCurrentMemoryTarget               0x08001147   Thumb Code    20  stm32f4xx_dma.o(i.DMA_GetCurrentMemoryTarget)
    DMA_Init                                 0x0800115d   Thumb Code    82  stm32f4xx_dma.o(i.DMA_Init)
    DMA_SetCurrDataCounter                   0x080011b5   Thumb Code     4  stm32f4xx_dma.o(i.DMA_SetCurrDataCounter)
    DebugMon_Handler                         0x080011b9   Thumb Code     2  stm32f4xx_it.o(i.DebugMon_Handler)
    Fric_controlLoop                         0x080011bb   Thumb Code    98  friction_control.o(i.Fric_controlLoop)
    GPIO_Init                                0x0800121d   Thumb Code   144  stm32f4xx_gpio.o(i.GPIO_Init)
    GPIO_PinAFConfig                         0x080012ad   Thumb Code    70  stm32f4xx_gpio.o(i.GPIO_PinAFConfig)
    GPIO_ResetBits                           0x080012f3   Thumb Code     4  stm32f4xx_gpio.o(i.GPIO_ResetBits)
    GPIO_SetBits                             0x080012f7   Thumb Code     4  stm32f4xx_gpio.o(i.GPIO_SetBits)
    GPIO_ToggleBits                          0x080012fb   Thumb Code     8  stm32f4xx_gpio.o(i.GPIO_ToggleBits)
    GetMotorData                             0x08001305   Thumb Code    54  can_data.o(i.GetMotorData)
    HardFault_Handler                        0x08001345   Thumb Code     4  stm32f4xx_it.o(i.HardFault_Handler)
    IncPID                                   0x08001349   Thumb Code   132  pid.o(i.IncPID)
    MemManage_Handler                        0x080013d5   Thumb Code     4  stm32f4xx_it.o(i.MemManage_Handler)
    NMI_Handler                              0x080013d9   Thumb Code     2  stm32f4xx_it.o(i.NMI_Handler)
    NVIC_Init                                0x080013dd   Thumb Code   106  misc.o(i.NVIC_Init)
    PID_Calc                                 0x08001455   Thumb Code   260  pid.o(i.PID_Calc)
    RCC_AHB1PeriphClockCmd                   0x0800156d   Thumb Code    26  stm32f4xx_rcc.o(i.RCC_AHB1PeriphClockCmd)
    RCC_APB1PeriphClockCmd                   0x0800158d   Thumb Code    26  stm32f4xx_rcc.o(i.RCC_APB1PeriphClockCmd)
    RCC_APB1PeriphResetCmd                   0x080015ad   Thumb Code    26  stm32f4xx_rcc.o(i.RCC_APB1PeriphResetCmd)
    RCC_APB2PeriphClockCmd                   0x080015cd   Thumb Code    26  stm32f4xx_rcc.o(i.RCC_APB2PeriphClockCmd)
    RCC_APB2PeriphResetCmd                   0x080015ed   Thumb Code    26  stm32f4xx_rcc.o(i.RCC_APB2PeriphResetCmd)
    RCC_GetClocksFreq                        0x0800160d   Thumb Code   214  stm32f4xx_rcc.o(i.RCC_GetClocksFreq)
    RC_Init                                  0x080016f5   Thumb Code   312  remote_hardware.o(i.RC_Init)
    RammerControlLoop                        0x08001841   Thumb Code   108  rammer_control.o(i.RammerControlLoop)
    RampCalc                                 0x080018b1   Thumb Code    48  ramp.o(i.RampCalc)
    RampInit                                 0x080018e1   Thumb Code     4  ramp.o(i.RampInit)
    RampIsOverflow                           0x080018e5   Thumb Code    18  ramp.o(i.RampIsOverflow)
    RampResetCounter                         0x080018f7   Thumb Code     6  ramp.o(i.RampResetCounter)
    RampSetCounter                           0x080018fd   Thumb Code     4  ramp.o(i.RampSetCounter)
    RampSetScale                             0x08001901   Thumb Code     4  ramp.o(i.RampSetScale)
    SendChassisSpeed                         0x080019df   Thumb Code    92  can_data.o(i.SendChassisSpeed)
    SendMotorCurrent                         0x08001a3d   Thumb Code   266  can_data.o(i.SendMotorCurrent)
    SetMotorCurrent                          0x08001b6d   Thumb Code   702  can_data.o(i.SetMotorCurrent)
    SysTick_CLKSourceConfig                  0x08001f75   Thumb Code    40  misc.o(i.SysTick_CLKSourceConfig)
    SystemInit                               0x08001f9d   Thumb Code    88  system_stm32f4xx.o(i.SystemInit)
    TIM6_DAC_IRQHandler                      0x08002005   Thumb Code    34  timer.o(i.TIM6_DAC_IRQHandler)
    TIM6_Init                                0x0800202d   Thumb Code    72  timer.o(i.TIM6_Init)
    TIM6_Start                               0x08002079   Thumb Code    30  timer.o(i.TIM6_Start)
    TIM_ARRPreloadConfig                     0x0800209d   Thumb Code    24  stm32f4xx_tim.o(i.TIM_ARRPreloadConfig)
    TIM_ClearFlag                            0x080020b5   Thumb Code     6  stm32f4xx_tim.o(i.TIM_ClearFlag)
    TIM_ClearITPendingBit                    0x080020bb   Thumb Code     6  stm32f4xx_tim.o(i.TIM_ClearITPendingBit)
    TIM_Cmd                                  0x080020c1   Thumb Code    24  stm32f4xx_tim.o(i.TIM_Cmd)
    TIM_GetITStatus                          0x080020d9   Thumb Code    34  stm32f4xx_tim.o(i.TIM_GetITStatus)
    TIM_ITConfig                             0x080020fb   Thumb Code    18  stm32f4xx_tim.o(i.TIM_ITConfig)
    TIM_OC1Init                              0x0800210d   Thumb Code   114  stm32f4xx_tim.o(i.TIM_OC1Init)
    TIM_OC1PreloadConfig                     0x08002189   Thumb Code    18  stm32f4xx_tim.o(i.TIM_OC1PreloadConfig)
    TIM_SetCompare1                          0x0800219b   Thumb Code     4  stm32f4xx_tim.o(i.TIM_SetCompare1)
    TIM_TimeBaseInit                         0x080021a1   Thumb Code   104  stm32f4xx_tim.o(i.TIM_TimeBaseInit)
    USART1_IRQHandler                        0x08002225   Thumb Code   208  remote_app.o(i.USART1_IRQHandler)
    USART_ClearFlag                          0x0800230d   Thumb Code    18  stm32f4xx_usart.o(i.USART_ClearFlag)
    USART_Cmd                                0x0800231f   Thumb Code    24  stm32f4xx_usart.o(i.USART_Cmd)
    USART_DMACmd                             0x08002337   Thumb Code    18  stm32f4xx_usart.o(i.USART_DMACmd)
    USART_DeInit                             0x08002349   Thumb Code   206  stm32f4xx_usart.o(i.USART_DeInit)
    USART_GetITStatus                        0x08002439   Thumb Code    84  stm32f4xx_usart.o(i.USART_GetITStatus)
    USART_ITConfig                           0x0800248d   Thumb Code    74  stm32f4xx_usart.o(i.USART_ITConfig)
    USART_Init                               0x080024d9   Thumb Code   204  stm32f4xx_usart.o(i.USART_Init)
    USART_ReceiveData                        0x080025ad   Thumb Code    10  stm32f4xx_usart.o(i.USART_ReceiveData)
    UsageFault_Handler                       0x080025b7   Thumb Code     4  stm32f4xx_it.o(i.UsageFault_Handler)
    abs_limit                                0x080025bb   Thumb Code    38  pid.o(i.abs_limit)
    angle_convert                            0x080025e1   Thumb Code   338  can_data.o(i.angle_convert)
    bsp_init                                 0x08002765   Thumb Code   102  init.o(i.bsp_init)
    buzzer_init                              0x080027cd   Thumb Code   174  buzzer.o(i.buzzer_init)
    buzzer_off                               0x08002885   Thumb Code    12  buzzer.o(i.buzzer_off)
    buzzer_on                                0x08002895   Thumb Code    22  buzzer.o(i.buzzer_on)
    can_msg_encode                           0x080028b1   Thumb Code   524  can_data.o(i.can_msg_encode)
    chassisSelfCheck                         0x08002ae1   Thumb Code    64  can_data.o(i.chassisSelfCheck)
    delay_init                               0x08002b35   Thumb Code    52  delay.o(i.delay_init)
    delay_ms                                 0x08002b71   Thumb Code    56  delay.o(i.delay_ms)
    delay_us                                 0x08002ba9   Thumb Code    72  delay.o(i.delay_us)
    delay_xms                                0x08002bf5   Thumb Code    72  delay.o(i.delay_xms)
    flow_led_off                             0x08002c41   Thumb Code    20  led.o(i.flow_led_off)
    get_remote_control_point                 0x08002c59   Thumb Code     4  remote_app.o(i.get_remote_control_point)
    gimbalControl                            0x08002c61   Thumb Code   240  gimbal_control.o(i.gimbalControl)
    led_configuration                        0x08002d59   Thumb Code    94  led.o(i.led_configuration)
    led_green_off                            0x08002dc5   Thumb Code    14  led.o(i.led_green_off)
    led_green_toggle                         0x08002dd9   Thumb Code    14  led.o(i.led_green_toggle)
    led_red_off                              0x08002ded   Thumb Code    14  led.o(i.led_red_off)
    main                                     0x08002e01   Thumb Code     8  main.o(i.main)
    power_ctrl_configuration                 0x08002e09   Thumb Code    68  power_ctrl.o(i.power_ctrl_configuration)
    power_ctrl_off                           0x08002e51   Thumb Code    26  power_ctrl.o(i.power_ctrl_off)
    power_ctrl_on                            0x08002e71   Thumb Code    26  power_ctrl.o(i.power_ctrl_on)
    process_remote                           0x08002e91   Thumb Code   324  motor_control.o(i.process_remote)
    remote_control_init                      0x08003011   Thumb Code    16  remote_app.o(i.remote_control_init)
    __aeabi_d2f                              0x08003025   Thumb Code     0  d2f.o(x$fpl$d2f)
    _d2f                                     0x08003025   Thumb Code    98  d2f.o(x$fpl$d2f)
    __aeabi_ddiv                             0x08003089   Thumb Code     0  ddiv.o(x$fpl$ddiv)
    _ddiv                                    0x08003089   Thumb Code   552  ddiv.o(x$fpl$ddiv)
    __aeabi_i2d                              0x08003339   Thumb Code     0  dflt_clz.o(x$fpl$dflt)
    _dflt                                    0x08003339   Thumb Code    46  dflt_clz.o(x$fpl$dflt)
    __aeabi_dmul                             0x08003369   Thumb Code     0  dmul.o(x$fpl$dmul)
    _dmul                                    0x08003369   Thumb Code   332  dmul.o(x$fpl$dmul)
    __fpl_dnaninf                            0x080034bd   Thumb Code   156  dnaninf.o(x$fpl$dnaninf)
    __fpl_dretinf                            0x08003559   Thumb Code    12  dretinf.o(x$fpl$dretinf)
    _fp_init                                 0x08003565   Thumb Code    10  fpinit.o(x$fpl$fpinit)
    __fplib_config_fpu_vfp                   0x0800356d   Thumb Code     0  fpinit.o(x$fpl$fpinit)
    __fplib_config_pureend_doubles           0x0800356d   Thumb Code     0  fpinit.o(x$fpl$fpinit)
    __fpl_fretinf                            0x0800356f   Thumb Code    10  fretinf.o(x$fpl$fretinf)
    Region$$Table$$Base                      0x08003578   Number         0  anon$$obj.o(Region$$Table)
    __I$use$fp                               0x08003578   Number         0  usenofp.o(x$fpl$usenofp)
    Region$$Table$$Limit                     0x08003598   Number         0  anon$$obj.o(Region$$Table)
    pitch_Connectionstate                    0x200000e8   Data           1  can_data.o(.data)
    yaw_Connectionstate                      0x200000e9   Data           1  can_data.o(.data)
    fric1_Connectionstate                    0x200000ea   Data           1  can_data.o(.data)
    fric2_Connectionstate                    0x200000eb   Data           1  can_data.o(.data)
    rammer_Connectionstate                   0x200000ec   Data           1  can_data.o(.data)
    Chassis_Connectionstate                  0x200000ed   Data           1  can_data.o(.data)
    rc_ctrl_now                              0x200000f0   Data           4  motor_control.o(.data)
    shoot_state                              0x200000f4   Data           1  motor_control.o(.data)
    rotate_state                             0x200000f5   Data           1  motor_control.o(.data)
    pitch_target                             0x200000f8   Data           4  motor_control.o(.data)
    yaw_target                               0x200000fc   Data           4  motor_control.o(.data)
    FBtarget                                 0x20000100   Data           2  motor_control.o(.data)
    LRtarget                                 0x20000102   Data           2  motor_control.o(.data)
    ROtarget                                 0x20000104   Data           2  motor_control.o(.data)
    gunPID_1                                 0x20000108   Data          28  pid.o(.data)
    gunPID_2                                 0x20000124   Data          28  pid.o(.data)
    rammer_speed_PID                         0x20000140   Data          68  pid.o(.data)
    GMPSpeedPID                              0x20000184   Data          68  pid.o(.data)
    GMPPositionPID                           0x200001c8   Data          68  pid.o(.data)
    GMYSpeedPID                              0x2000020c   Data          68  pid.o(.data)
    GMYPositionPID                           0x20000250   Data          68  pid.o(.data)
    GMPitchRamp                              0x20000294   Data          36  gimbal_control.o(.data)
    GMYawRamp                                0x200002b8   Data          36  gimbal_control.o(.data)
    ChassisSpeed_Target                      0x200002dc   Data           8  chassis.o(.data)
    chassisRamp                              0x200002e4   Data          36  chassis.o(.data)
    rammer_data                              0x200003b8   Data          16  rammer_control.o(.bss)
    __libspace_start                         0x200003c8   Data          96  libspace.o(.bss)
    __temporary_stack_top$libspace           0x20000428   Data           0  libspace.o(.bss)



==============================================================================

Memory Map of the image

  Image Entry point : 0x080001ad

  Load Region LR_IROM1 (Base: 0x08000000, Size: 0x000038a0, Max: 0x00100000, ABSOLUTE, COMPRESSED[0x00003610])

    Execution Region ER_IROM1 (Exec base: 0x08000000, Load base: 0x08000000, Size: 0x00003598, Max: 0x00100000, ABSOLUTE)

    Exec Addr    Load Addr    Size         Type   Attr      Idx    E Section Name        Object

    0x08000000   0x08000000   0x000001ac   Data   RO          242    RESET               startup_stm32f427xx.o
    0x080001ac   0x080001ac   0x00000008   Code   RO         3237  * !!!main             c_w.l(__main.o)
    0x080001b4   0x080001b4   0x00000034   Code   RO         3417    !!!scatter          c_w.l(__scatter.o)
    0x080001e8   0x080001e8   0x0000005a   Code   RO         3415    !!dczerorl2         c_w.l(__dczerorl2.o)
    0x08000242   0x08000242   0x00000002   PAD
    0x08000244   0x08000244   0x0000001c   Code   RO         3419    !!handler_zi        c_w.l(__scatter_zi.o)
    0x08000260   0x08000260   0x00000002   Code   RO         3285    .ARM.Collect$$libinit$$00000000  c_w.l(libinit.o)
    0x08000262   0x08000262   0x00000004   Code   RO         3291    .ARM.Collect$$libinit$$00000001  c_w.l(libinit2.o)
    0x08000266   0x08000266   0x00000000   Code   RO         3294    .ARM.Collect$$libinit$$00000004  c_w.l(libinit2.o)
    0x08000266   0x08000266   0x00000000   Code   RO         3297    .ARM.Collect$$libinit$$0000000A  c_w.l(libinit2.o)
    0x08000266   0x08000266   0x00000000   Code   RO         3299    .ARM.Collect$$libinit$$0000000C  c_w.l(libinit2.o)
    0x08000266   0x08000266   0x00000000   Code   RO         3301    .ARM.Collect$$libinit$$0000000E  c_w.l(libinit2.o)
    0x08000266   0x08000266   0x00000000   Code   RO         3304    .ARM.Collect$$libinit$$00000011  c_w.l(libinit2.o)
    0x08000266   0x08000266   0x00000000   Code   RO         3306    .ARM.Collect$$libinit$$00000013  c_w.l(libinit2.o)
    0x08000266   0x08000266   0x00000000   Code   RO         3308    .ARM.Collect$$libinit$$00000015  c_w.l(libinit2.o)
    0x08000266   0x08000266   0x00000000   Code   RO         3310    .ARM.Collect$$libinit$$00000017  c_w.l(libinit2.o)
    0x08000266   0x08000266   0x00000000   Code   RO         3312    .ARM.Collect$$libinit$$00000019  c_w.l(libinit2.o)
    0x08000266   0x08000266   0x00000000   Code   RO         3314    .ARM.Collect$$libinit$$0000001B  c_w.l(libinit2.o)
    0x08000266   0x08000266   0x00000000   Code   RO         3316    .ARM.Collect$$libinit$$0000001D  c_w.l(libinit2.o)
    0x08000266   0x08000266   0x00000000   Code   RO         3318    .ARM.Collect$$libinit$$0000001F  c_w.l(libinit2.o)
    0x08000266   0x08000266   0x00000000   Code   RO         3320    .ARM.Collect$$libinit$$00000021  c_w.l(libinit2.o)
    0x08000266   0x08000266   0x00000000   Code   RO         3322    .ARM.Collect$$libinit$$00000023  c_w.l(libinit2.o)
    0x08000266   0x08000266   0x00000000   Code   RO         3324    .ARM.Collect$$libinit$$00000025  c_w.l(libinit2.o)
    0x08000266   0x08000266   0x00000000   Code   RO         3328    .ARM.Collect$$libinit$$0000002C  c_w.l(libinit2.o)
    0x08000266   0x08000266   0x00000000   Code   RO         3330    .ARM.Collect$$libinit$$0000002E  c_w.l(libinit2.o)
    0x08000266   0x08000266   0x00000000   Code   RO         3332    .ARM.Collect$$libinit$$00000030  c_w.l(libinit2.o)
    0x08000266   0x08000266   0x00000000   Code   RO         3334    .ARM.Collect$$libinit$$00000032  c_w.l(libinit2.o)
    0x08000266   0x08000266   0x00000002   Code   RO         3335    .ARM.Collect$$libinit$$00000033  c_w.l(libinit2.o)
    0x08000268   0x08000268   0x00000002   Code   RO         3355    .ARM.Collect$$libshutdown$$00000000  c_w.l(libshutdown.o)
    0x0800026a   0x0800026a   0x00000000   Code   RO         3368    .ARM.Collect$$libshutdown$$00000002  c_w.l(libshutdown2.o)
    0x0800026a   0x0800026a   0x00000000   Code   RO         3370    .ARM.Collect$$libshutdown$$00000004  c_w.l(libshutdown2.o)
    0x0800026a   0x0800026a   0x00000000   Code   RO         3373    .ARM.Collect$$libshutdown$$00000007  c_w.l(libshutdown2.o)
    0x0800026a   0x0800026a   0x00000000   Code   RO         3376    .ARM.Collect$$libshutdown$$0000000A  c_w.l(libshutdown2.o)
    0x0800026a   0x0800026a   0x00000000   Code   RO         3378    .ARM.Collect$$libshutdown$$0000000C  c_w.l(libshutdown2.o)
    0x0800026a   0x0800026a   0x00000000   Code   RO         3381    .ARM.Collect$$libshutdown$$0000000F  c_w.l(libshutdown2.o)
    0x0800026a   0x0800026a   0x00000002   Code   RO         3382    .ARM.Collect$$libshutdown$$00000010  c_w.l(libshutdown2.o)
    0x0800026c   0x0800026c   0x00000000   Code   RO         3253    .ARM.Collect$$rtentry$$00000000  c_w.l(__rtentry.o)
    0x0800026c   0x0800026c   0x00000000   Code   RO         3262    .ARM.Collect$$rtentry$$00000002  c_w.l(__rtentry2.o)
    0x0800026c   0x0800026c   0x00000006   Code   RO         3274    .ARM.Collect$$rtentry$$00000004  c_w.l(__rtentry4.o)
    0x08000272   0x08000272   0x00000000   Code   RO         3264    .ARM.Collect$$rtentry$$00000009  c_w.l(__rtentry2.o)
    0x08000272   0x08000272   0x00000004   Code   RO         3265    .ARM.Collect$$rtentry$$0000000A  c_w.l(__rtentry2.o)
    0x08000276   0x08000276   0x00000000   Code   RO         3267    .ARM.Collect$$rtentry$$0000000C  c_w.l(__rtentry2.o)
    0x08000276   0x08000276   0x00000008   Code   RO         3268    .ARM.Collect$$rtentry$$0000000D  c_w.l(__rtentry2.o)
    0x0800027e   0x0800027e   0x00000002   Code   RO         3289    .ARM.Collect$$rtexit$$00000000  c_w.l(rtexit.o)
    0x08000280   0x08000280   0x00000000   Code   RO         3337    .ARM.Collect$$rtexit$$00000002  c_w.l(rtexit2.o)
    0x08000280   0x08000280   0x00000004   Code   RO         3338    .ARM.Collect$$rtexit$$00000003  c_w.l(rtexit2.o)
    0x08000284   0x08000284   0x00000006   Code   RO         3339    .ARM.Collect$$rtexit$$00000004  c_w.l(rtexit2.o)
    0x0800028a   0x0800028a   0x00000002   PAD
    0x0800028c   0x0800028c   0x00000040   Code   RO          243    .text               startup_stm32f427xx.o
    0x080002cc   0x080002cc   0x00000006   Code   RO         3235    .text               c_w.l(heapauxi.o)
    0x080002d2   0x080002d2   0x0000004a   Code   RO         3276    .text               c_w.l(sys_stackheap_outer.o)
    0x0800031c   0x0800031c   0x00000012   Code   RO         3278    .text               c_w.l(exit.o)
    0x0800032e   0x0800032e   0x00000002   PAD
    0x08000330   0x08000330   0x00000008   Code   RO         3286    .text               c_w.l(libspace.o)
    0x08000338   0x08000338   0x0000000c   Code   RO         3347    .text               c_w.l(sys_exit.o)
    0x08000344   0x08000344   0x00000002   Code   RO         3358    .text               c_w.l(use_no_semi.o)
    0x08000346   0x08000346   0x00000000   Code   RO         3360    .text               c_w.l(indicate_semi.o)
    0x08000346   0x08000346   0x00000004   Code   RO          250    i.BusFault_Handler  stm32f4xx_it.o
    0x0800034a   0x0800034a   0x00000002   PAD
    0x0800034c   0x0800034c   0x00000110   Code   RO         2669    i.CAN1_Init         can.o
    0x0800045c   0x0800045c   0x0000003c   Code   RO         2670    i.CAN1_RX0_IRQHandler  can.o
    0x08000498   0x08000498   0x0000001c   Code   RO         2671    i.CAN1_TX_IRQHandler  can.o
    0x080004b4   0x080004b4   0x00000114   Code   RO         2672    i.CAN2_Init         can.o
    0x080005c8   0x080005c8   0x00000030   Code   RO         2673    i.CAN2_RX0_IRQHandler  can.o
    0x080005f8   0x080005f8   0x0000001c   Code   RO         2674    i.CAN2_TX_IRQHandler  can.o
    0x08000614   0x08000614   0x00000038   Code   RO          397    i.CAN_ClearFlag     stm32f4xx_can.o
    0x0800064c   0x0800064c   0x000000a8   Code   RO          398    i.CAN_ClearITPendingBit  stm32f4xx_can.o
    0x080006f4   0x080006f4   0x00000078   Code   RO         2833    i.CAN_Device_Init   can_task.o
    0x0800076c   0x0800076c   0x00000108   Code   RO          402    i.CAN_FilterInit    stm32f4xx_can.o
    0x08000874   0x08000874   0x00000120   Code   RO          404    i.CAN_GetITStatus   stm32f4xx_can.o
    0x08000994   0x08000994   0x00000060   Code   RO         2863    i.CAN_ID_CHECK      can_data.o
    0x080009f4   0x080009f4   0x00000012   Code   RO          408    i.CAN_ITConfig      stm32f4xx_can.o
    0x08000a06   0x08000a06   0x00000114   Code   RO          409    i.CAN_Init          stm32f4xx_can.o
    0x08000b1a   0x08000b1a   0x00000002   PAD
    0x08000b1c   0x08000b1c   0x0000011c   Code   RO         2864    i.CAN_Motor_Config  can_data.o
    0x08000c38   0x08000c38   0x000000f0   Code   RO          412    i.CAN_Receive       stm32f4xx_can.o
    0x08000d28   0x08000d28   0x00000126   Code   RO          417    i.CAN_Transmit      stm32f4xx_can.o
    0x08000e4e   0x08000e4e   0x00000002   PAD
    0x08000e50   0x08000e50   0x000000a8   Code   RO         3206    i.CMControlLoop     chassis.o
    0x08000ef8   0x08000ef8   0x00000012   Code   RO          420    i.CheckITStatus     stm32f4xx_can.o
    0x08000f0a   0x08000f0a   0x00000002   PAD
    0x08000f0c   0x08000f0c   0x00000060   Code   RO         3002    i.Control_Task      motor_control.o
    0x08000f6c   0x08000f6c   0x00000034   Code   RO          563    i.DMA_ClearFlag     stm32f4xx_dma.o
    0x08000fa0   0x08000fa0   0x00000016   Code   RO          565    i.DMA_Cmd           stm32f4xx_dma.o
    0x08000fb6   0x08000fb6   0x00000002   PAD
    0x08000fb8   0x08000fb8   0x00000158   Code   RO          566    i.DMA_DeInit        stm32f4xx_dma.o
    0x08001110   0x08001110   0x00000016   Code   RO          567    i.DMA_DoubleBufferModeCmd  stm32f4xx_dma.o
    0x08001126   0x08001126   0x00000018   Code   RO          568    i.DMA_DoubleBufferModeConfig  stm32f4xx_dma.o
    0x0800113e   0x0800113e   0x00000008   Code   RO          571    i.DMA_GetCurrDataCounter  stm32f4xx_dma.o
    0x08001146   0x08001146   0x00000014   Code   RO          572    i.DMA_GetCurrentMemoryTarget  stm32f4xx_dma.o
    0x0800115a   0x0800115a   0x00000002   PAD
    0x0800115c   0x0800115c   0x00000058   Code   RO          577    i.DMA_Init          stm32f4xx_dma.o
    0x080011b4   0x080011b4   0x00000004   Code   RO          580    i.DMA_SetCurrDataCounter  stm32f4xx_dma.o
    0x080011b8   0x080011b8   0x00000002   Code   RO          251    i.DebugMon_Handler  stm32f4xx_it.o
    0x080011ba   0x080011ba   0x00000062   Code   RO         2948    i.Fric_controlLoop  friction_control.o
    0x0800121c   0x0800121c   0x00000090   Code   RO          894    i.GPIO_Init         stm32f4xx_gpio.o
    0x080012ac   0x080012ac   0x00000046   Code   RO          895    i.GPIO_PinAFConfig  stm32f4xx_gpio.o
    0x080012f2   0x080012f2   0x00000004   Code   RO          901    i.GPIO_ResetBits    stm32f4xx_gpio.o
    0x080012f6   0x080012f6   0x00000004   Code   RO          902    i.GPIO_SetBits      stm32f4xx_gpio.o
    0x080012fa   0x080012fa   0x00000008   Code   RO          904    i.GPIO_ToggleBits   stm32f4xx_gpio.o
    0x08001302   0x08001302   0x00000002   PAD
    0x08001304   0x08001304   0x00000040   Code   RO         2866    i.GetMotorData      can_data.o
    0x08001344   0x08001344   0x00000004   Code   RO          252    i.HardFault_Handler  stm32f4xx_it.o
    0x08001348   0x08001348   0x0000008c   Code   RO         3048    i.IncPID            pid.o
    0x080013d4   0x080013d4   0x00000004   Code   RO          253    i.MemManage_Handler  stm32f4xx_it.o
    0x080013d8   0x080013d8   0x00000002   Code   RO          254    i.NMI_Handler       stm32f4xx_it.o
    0x080013da   0x080013da   0x00000002   PAD
    0x080013dc   0x080013dc   0x00000078   Code   RO          348    i.NVIC_Init         misc.o
    0x08001454   0x08001454   0x00000118   Code   RO         3049    i.PID_Calc          pid.o
    0x0800156c   0x0800156c   0x00000020   Code   RO         1049    i.RCC_AHB1PeriphClockCmd  stm32f4xx_rcc.o
    0x0800158c   0x0800158c   0x00000020   Code   RO         1058    i.RCC_APB1PeriphClockCmd  stm32f4xx_rcc.o
    0x080015ac   0x080015ac   0x00000020   Code   RO         1060    i.RCC_APB1PeriphResetCmd  stm32f4xx_rcc.o
    0x080015cc   0x080015cc   0x00000020   Code   RO         1061    i.RCC_APB2PeriphClockCmd  stm32f4xx_rcc.o
    0x080015ec   0x080015ec   0x00000020   Code   RO         1063    i.RCC_APB2PeriphResetCmd  stm32f4xx_rcc.o
    0x0800160c   0x0800160c   0x000000e8   Code   RO         1070    i.RCC_GetClocksFreq  stm32f4xx_rcc.o
    0x080016f4   0x080016f4   0x0000014c   Code   RO         2373    i.RC_Init           remote_hardware.o
    0x08001840   0x08001840   0x00000070   Code   RO         3142    i.RammerControlLoop  rammer_control.o
    0x080018b0   0x080018b0   0x00000030   Code   RO         3088    i.RampCalc          ramp.o
    0x080018e0   0x080018e0   0x00000004   Code   RO         3089    i.RampInit          ramp.o
    0x080018e4   0x080018e4   0x00000012   Code   RO         3090    i.RampIsOverflow    ramp.o
    0x080018f6   0x080018f6   0x00000006   Code   RO         3091    i.RampResetCounter  ramp.o
    0x080018fc   0x080018fc   0x00000004   Code   RO         3092    i.RampSetCounter    ramp.o
    0x08001900   0x08001900   0x00000004   Code   RO         3093    i.RampSetScale      ramp.o
    0x08001904   0x08001904   0x000000da   Code   RO         2765    i.SBUS_TO_RC        remote_app.o
    0x080019de   0x080019de   0x0000005c   Code   RO         2867    i.SendChassisSpeed  can_data.o
    0x08001a3a   0x08001a3a   0x00000002   PAD
    0x08001a3c   0x08001a3c   0x00000130   Code   RO         2868    i.SendMotorCurrent  can_data.o
    0x08001b6c   0x08001b6c   0x000002e8   Code   RO         2869    i.SetMotorCurrent   can_data.o
    0x08001e54   0x08001e54   0x00000120   Code   RO          307    i.SetSysClock       system_stm32f4xx.o
    0x08001f74   0x08001f74   0x00000028   Code   RO          352    i.SysTick_CLKSourceConfig  misc.o
    0x08001f9c   0x08001f9c   0x00000068   Code   RO          309    i.SystemInit        system_stm32f4xx.o
    0x08002004   0x08002004   0x00000028   Code   RO         2615    i.TIM6_DAC_IRQHandler  timer.o
    0x0800202c   0x0800202c   0x0000004c   Code   RO         2616    i.TIM6_Init         timer.o
    0x08002078   0x08002078   0x00000024   Code   RO         2617    i.TIM6_Start        timer.o
    0x0800209c   0x0800209c   0x00000018   Code   RO         1619    i.TIM_ARRPreloadConfig  stm32f4xx_tim.o
    0x080020b4   0x080020b4   0x00000006   Code   RO         1625    i.TIM_ClearFlag     stm32f4xx_tim.o
    0x080020ba   0x080020ba   0x00000006   Code   RO         1626    i.TIM_ClearITPendingBit  stm32f4xx_tim.o
    0x080020c0   0x080020c0   0x00000018   Code   RO         1631    i.TIM_Cmd           stm32f4xx_tim.o
    0x080020d8   0x080020d8   0x00000022   Code   RO         1652    i.TIM_GetITStatus   stm32f4xx_tim.o
    0x080020fa   0x080020fa   0x00000012   Code   RO         1656    i.TIM_ITConfig      stm32f4xx_tim.o
    0x0800210c   0x0800210c   0x0000007c   Code   RO         1660    i.TIM_OC1Init       stm32f4xx_tim.o
    0x08002188   0x08002188   0x00000012   Code   RO         1663    i.TIM_OC1PreloadConfig  stm32f4xx_tim.o
    0x0800219a   0x0800219a   0x00000004   Code   RO         1693    i.TIM_SetCompare1   stm32f4xx_tim.o
    0x0800219e   0x0800219e   0x00000002   PAD
    0x080021a0   0x080021a0   0x00000084   Code   RO         1703    i.TIM_TimeBaseInit  stm32f4xx_tim.o
    0x08002224   0x08002224   0x000000e8   Code   RO         2766    i.USART1_IRQHandler  remote_app.o
    0x0800230c   0x0800230c   0x00000012   Code   RO         2181    i.USART_ClearFlag   stm32f4xx_usart.o
    0x0800231e   0x0800231e   0x00000018   Code   RO         2185    i.USART_Cmd         stm32f4xx_usart.o
    0x08002336   0x08002336   0x00000012   Code   RO         2186    i.USART_DMACmd      stm32f4xx_usart.o
    0x08002348   0x08002348   0x000000f0   Code   RO         2187    i.USART_DeInit      stm32f4xx_usart.o
    0x08002438   0x08002438   0x00000054   Code   RO         2189    i.USART_GetITStatus  stm32f4xx_usart.o
    0x0800248c   0x0800248c   0x0000004a   Code   RO         2191    i.USART_ITConfig    stm32f4xx_usart.o
    0x080024d6   0x080024d6   0x00000002   PAD
    0x080024d8   0x080024d8   0x000000d4   Code   RO         2192    i.USART_Init        stm32f4xx_usart.o
    0x080025ac   0x080025ac   0x0000000a   Code   RO         2199    i.USART_ReceiveData  stm32f4xx_usart.o
    0x080025b6   0x080025b6   0x00000004   Code   RO          255    i.UsageFault_Handler  stm32f4xx_it.o
    0x080025ba   0x080025ba   0x00000026   Code   RO         3050    i.abs_limit         pid.o
    0x080025e0   0x080025e0   0x00000184   Code   RO         2870    i.angle_convert     can_data.o
    0x08002764   0x08002764   0x00000066   Code   RO         2809    i.bsp_init          init.o
    0x080027ca   0x080027ca   0x00000002   PAD
    0x080027cc   0x080027cc   0x000000b8   Code   RO         2729    i.buzzer_init       buzzer.o
    0x08002884   0x08002884   0x00000010   Code   RO         2730    i.buzzer_off        buzzer.o
    0x08002894   0x08002894   0x0000001c   Code   RO         2731    i.buzzer_on         buzzer.o
    0x080028b0   0x080028b0   0x00000230   Code   RO         2871    i.can_msg_encode    can_data.o
    0x08002ae0   0x08002ae0   0x00000054   Code   RO         2872    i.chassisSelfCheck  can_data.o
    0x08002b34   0x08002b34   0x0000003c   Code   RO          174    i.delay_init        delay.o
    0x08002b70   0x08002b70   0x00000038   Code   RO          175    i.delay_ms          delay.o
    0x08002ba8   0x08002ba8   0x0000004c   Code   RO          176    i.delay_us          delay.o
    0x08002bf4   0x08002bf4   0x0000004c   Code   RO          177    i.delay_xms         delay.o
    0x08002c40   0x08002c40   0x00000018   Code   RO         2534    i.flow_led_off      led.o
    0x08002c58   0x08002c58   0x00000008   Code   RO         2767    i.get_remote_control_point  remote_app.o
    0x08002c60   0x08002c60   0x000000f8   Code   RO         3170    i.gimbalControl     gimbal_control.o
    0x08002d58   0x08002d58   0x0000006c   Code   RO         2537    i.led_configuration  led.o
    0x08002dc4   0x08002dc4   0x00000014   Code   RO         2538    i.led_green_off     led.o
    0x08002dd8   0x08002dd8   0x00000014   Code   RO         2540    i.led_green_toggle  led.o
    0x08002dec   0x08002dec   0x00000014   Code   RO         2541    i.led_red_off       led.o
    0x08002e00   0x08002e00   0x00000008   Code   RO            4    i.main              main.o
    0x08002e08   0x08002e08   0x00000048   Code   RO         2412    i.power_ctrl_configuration  power_ctrl.o
    0x08002e50   0x08002e50   0x00000020   Code   RO         2413    i.power_ctrl_off    power_ctrl.o
    0x08002e70   0x08002e70   0x00000020   Code   RO         2414    i.power_ctrl_on     power_ctrl.o
    0x08002e90   0x08002e90   0x00000180   Code   RO         3003    i.process_remote    motor_control.o
    0x08003010   0x08003010   0x00000014   Code   RO         2768    i.remote_control_init  remote_app.o
    0x08003024   0x08003024   0x00000062   Code   RO         3239    x$fpl$d2f           fz_wm.l(d2f.o)
    0x08003086   0x08003086   0x00000002   PAD
    0x08003088   0x08003088   0x000002b0   Code   RO         3242    x$fpl$ddiv          fz_wm.l(ddiv.o)
    0x08003338   0x08003338   0x0000002e   Code   RO         3246    x$fpl$dflt          fz_wm.l(dflt_clz.o)
    0x08003366   0x08003366   0x00000002   PAD
    0x08003368   0x08003368   0x00000154   Code   RO         3251    x$fpl$dmul          fz_wm.l(dmul.o)
    0x080034bc   0x080034bc   0x0000009c   Code   RO         3254    x$fpl$dnaninf       fz_wm.l(dnaninf.o)
    0x08003558   0x08003558   0x0000000c   Code   RO         3256    x$fpl$dretinf       fz_wm.l(dretinf.o)
    0x08003564   0x08003564   0x0000000a   Code   RO         3345    x$fpl$fpinit        fz_wm.l(fpinit.o)
    0x0800356e   0x0800356e   0x0000000a   Code   RO         3258    x$fpl$fretinf       fz_wm.l(fretinf.o)
    0x08003578   0x08003578   0x00000000   Code   RO         3260    x$fpl$usenofp       fz_wm.l(usenofp.o)
    0x08003578   0x08003578   0x00000020   Data   RO         3413    Region$$Table       anon$$obj.o


    Execution Region RW_IRAM1 (Exec base: 0x20000000, Load base: 0x08003598, Size: 0x00001828, Max: 0x00020000, ABSOLUTE, COMPRESSED[0x00000078])

    Exec Addr    Load Addr    Size         Type   Attr      Idx    E Section Name        Object

    0x20000000   COMPRESSED   0x00000004   Data   RW          178    .data               delay.o
    0x20000004   COMPRESSED   0x00000010   Data   RW         1102    .data               stm32f4xx_rcc.o
    0x20000014   COMPRESSED   0x00000002   Data   RW         2770    .data               remote_app.o
    0x20000016   COMPRESSED   0x00000002   PAD
    0x20000018   COMPRESSED   0x000000d6   Data   RW         2874    .data               can_data.o
    0x200000ee   COMPRESSED   0x00000002   PAD
    0x200000f0   COMPRESSED   0x00000016   Data   RW         3004    .data               motor_control.o
    0x20000106   COMPRESSED   0x00000002   PAD
    0x20000108   COMPRESSED   0x0000018c   Data   RW         3052    .data               pid.o
    0x20000294   COMPRESSED   0x00000048   Data   RW         3171    .data               gimbal_control.o
    0x200002dc   COMPRESSED   0x0000002c   Data   RW         3207    .data               chassis.o
    0x20000308        -       0x0000005e   Zero   RW         2769    .bss                remote_app.o
    0x20000366   COMPRESSED   0x00000002   PAD
    0x20000368        -       0x00000050   Zero   RW         2873    .bss                can_data.o
    0x200003b8        -       0x00000010   Zero   RW         3143    .bss                rammer_control.o
    0x200003c8        -       0x00000060   Zero   RW         3287    .bss                c_w.l(libspace.o)
    0x20000428        -       0x00001000   Zero   RW          241    HEAP                startup_stm32f427xx.o
    0x20001428        -       0x00000400   Zero   RW          240    STACK               startup_stm32f427xx.o


==============================================================================

Image component sizes


      Code (inc. data)   RO Data    RW Data    ZI Data      Debug   Object Name

       228         20          0          0          0       1823   buzzer.o
       712         44          0          0          0       5398   can.o
      2616        208          0        214         80       7928   can_data.o
       120          0          0          0          0        506   can_task.o
       168         16          0         44          0       1530   chassis.o
       268         16          0          4          0       2487   delay.o
        98          0          0          0          0       3003   friction_control.o
       248          8          0         72          0       2472   gimbal_control.o
       102          0          0          0          0        555   init.o
       192         36          0          0          0       2500   led.o
         8          0          0          0          0     321143   main.o
       160         14          0          0          0       1522   misc.o
       480         90          0         22          0       2266   motor_control.o
       458         28          0        396          0       2872   pid.o
       136         16          0          0          0     282116   power_ctrl.o
       112          4          0          0         16       1018   rammer_control.o
        84          0          0          0          0       3382   ramp.o
       478         32          0          2         94       2769   remote_app.o
       332         20          0          0          0       1354   remote_hardware.o
        64         26        428          0       5120        836   startup_stm32f427xx.o
      1622         20          0          0          0       6990   stm32f4xx_can.o
       584         40          0          0          0       6652   stm32f4xx_dma.o
       230          0          0          0          0       3389   stm32f4xx_gpio.o
        20          0          0          0          0       2785   stm32f4xx_it.o
       392         48          0         16          0       5745   stm32f4xx_rcc.o
       390         38          0          0          0       6616   stm32f4xx_tim.o
       680         42          0          0          0       6058   stm32f4xx_usart.o
       392         32          0          0          0       1537   system_stm32f4xx.o
       152         16          0          0          0       1527   timer.o

    ----------------------------------------------------------------------
     11550        814        460        776       5312     688779   Object Totals
         0          0         32          0          0          0   (incl. Generated)
        24          0          0          6          2          0   (incl. Padding)

    ----------------------------------------------------------------------

      Code (inc. data)   RO Data    RW Data    ZI Data      Debug   Library Member Name

        90          0          0          0          0          0   __dczerorl2.o
         8          0          0          0          0         68   __main.o
         0          0          0          0          0          0   __rtentry.o
        12          0          0          0          0          0   __rtentry2.o
         6          0          0          0          0          0   __rtentry4.o
        52          8          0          0          0          0   __scatter.o
        28          0          0          0          0          0   __scatter_zi.o
        18          0          0          0          0         80   exit.o
         6          0          0          0          0        152   heapauxi.o
         0          0          0          0          0          0   indicate_semi.o
         2          0          0          0          0          0   libinit.o
         6          0          0          0          0          0   libinit2.o
         2          0          0          0          0          0   libshutdown.o
         2          0          0          0          0          0   libshutdown2.o
         8          4          0          0         96         68   libspace.o
         2          0          0          0          0          0   rtexit.o
        10          0          0          0          0          0   rtexit2.o
        12          4          0          0          0         68   sys_exit.o
        74          0          0          0          0         80   sys_stackheap_outer.o
         2          0          0          0          0         68   use_no_semi.o
        98          4          0          0          0        140   d2f.o
       688        140          0          0          0        256   ddiv.o
        46          0          0          0          0        116   dflt_clz.o
       340         12          0          0          0        152   dmul.o
       156          4          0          0          0        140   dnaninf.o
        12          0          0          0          0        116   dretinf.o
        10          0          0          0          0        116   fpinit.o
        10          0          0          0          0        116   fretinf.o
         0          0          0          0          0          0   usenofp.o

    ----------------------------------------------------------------------
      1710        176          0          0         96       1736   Library Totals
        10          0          0          0          0          0   (incl. Padding)

    ----------------------------------------------------------------------

      Code (inc. data)   RO Data    RW Data    ZI Data      Debug   Library Name

       340         16          0          0         96        584   c_w.l
      1360        160          0          0          0       1152   fz_wm.l

    ----------------------------------------------------------------------
      1710        176          0          0         96       1736   Library Totals

    ----------------------------------------------------------------------

==============================================================================


      Code (inc. data)   RO Data    RW Data    ZI Data      Debug   

     13260        990        460        776       5408     679259   Grand Totals
     13260        990        460        120       5408     679259   ELF Image Totals (compressed)
     13260        990        460        120          0          0   ROM Totals

==============================================================================

    Total RO  Size (Code + RO Data)                13720 (  13.40kB)
    Total RW  Size (RW Data + ZI Data)              6184 (   6.04kB)
    Total ROM Size (Code + RO Data + RW Data)      13840 (  13.52kB)

==============================================================================

