<html>
<body>
<pre>
<h1>礦ision Build Log</h1>
<h2>Tool Versions:</h2>
IDE-Version: μVision V5.29.0.0
Copyright (C) 2019 ARM Ltd and ARM Germany GmbH. All rights reserved.
License Information: 4324 Microsoft, Microsoft, LIC=UJWSB-2JKMS-PCYJ8-3CZFM-I1FVY-VUPV1
 
Tool Versions:
Toolchain:       MDK-ARM Plus  Version: 5.29.0.0
Toolchain Path:  D:\Mdk5\ARM\ARMCC\Bin
C Compiler:      Armcc.exe V5.06 update 6 (build 750)
Assembler:       Armasm.exe V5.06 update 6 (build 750)
Linker/Locator:  ArmLink.exe V5.06 update 6 (build 750)
Library Manager: ArmAr.exe V5.06 update 6 (build 750)
Hex Converter:   FromElf.exe V5.06 update 6 (build 750)
CPU DLL:         SARMCM3.DLL V5.29.0.0
Dialog DLL:      DCM.DLL V1.17.3.0
Target DLL:      Segger\JL2CM3.dll V2.99.36.0
Dialog DLL:      TCM.DLL V1.36.5.0
 
<h2>Project:</h2>
C:\Users\hp\Desktop\yun-tai-code\RM2016步兵车开源代码\RM2016_INFANTRY_OPEN_SOURCEV.1.6.4\RM2016 Infantry.uvprojx
Project File Date:  03/13/2020

<h2>Output:</h2>
*** Using Compiler 'V5.06 update 6 (build 750)', folder: 'D:\Mdk5\ARM\ARMCC\Bin'
Build target 'Target 1'
compiling main.c...
compiling led.c...
compiling bsp.c...
compiling gun.c...
compiling can2.c...
compiling can1.c...
compiling laser.c...
compiling delay.c...
compiling exti.c...
compiling timer.c...
compiling usart3.c...
compiling usart1.c...
BSP\usart1.c(17): warning:  #177-D: variable "rc_raw_data"  was declared but never referenced
  static RC_Raw_t rc_raw_data;	 //remote raw data 
BSP\usart1.c: 1 warning, 0 errors
assembling startup_stm32f4xx.s...
compiling bsp_flash.c...
compiling encoder.c...
compiling stm32f4xx_it.c...
compiling stm32f4xx_adc.c...
compiling misc.c...
compiling stm32f4xx_can.c...
compiling stm32f4xx_crc.c...
compiling stm32f4xx_dma.c...
compiling stm32f4xx_dac.c...
compiling stm32f4xx_gpio.c...
compiling stm32f4xx_exti.c...
compiling stm32f4xx_flash.c...
compiling stm32f4xx_pwr.c...
compiling stm32f4xx_spi.c...
compiling stm32f4xx_rcc.c...
compiling stm32f4xx_usart.c...
compiling stm32f4xx_syscfg.c...
compiling stm32f4xx_tim.c...
compiling system_stm32f4xx.c...
compiling stm32f4xx_i2c.c...
compiling imu.c...
compiling mpu6050_i2c.c...
compiling mpu6050_driver.c...
compiling mpu6050_interrupt.c...
compiling ControlTask.c...
compiling IOTask.c...
compiling RemoteTask.c...
compiling CanBusTask.c...
compiling SuperviseTask.c...
linking...
Program Size: Code=40876 RO-data=1484 RW-data=1520 ZI-data=4912  
After Build - User command #1: fromelf.exe  --bin -o ./bin/RM2016_Infantry.bin ./Outputs/RM2016_Infantry.axf
".\Outputs\RM2016_Infantry.axf" - 0 Error(s), 1 Warning(s).

<h2>Software Packages used:</h2>

Package Vendor: ARM
                http://www.keil.com/pack/ARM.CMSIS.5.6.0.pack
                ARM.CMSIS.5.6.0
                CMSIS (Cortex Microcontroller Software Interface Standard)
   * Component: CORE Version: 5.3.0

Package Vendor: Keil
                http://www.keil.com/pack/Keil.STM32F4xx_DFP.2.14.0.pack
                Keil.STM32F4xx_DFP.2.14.0
                STMicroelectronics STM32F4 Series Device Support, Drivers and Examples

<h2>Collection of Component include folders:</h2>
  .\RTE\_Target_1
  D:\Mdk5\pack\ARM\CMSIS\5.6.0\CMSIS\Core\Include
  D:\Mdk5\pack\Keil\STM32F4xx_DFP\2.14.0\Drivers\CMSIS\Device\ST\STM32F4xx\Include

<h2>Collection of Component Files used:</h2>

   * Component: ARM::CMSIS:CORE:5.3.0
Build Time Elapsed:  00:00:20
</pre>
</body>
</html>
